******************************************************************************
             TMS320C2000 Linker PC v6.2.5                      
******************************************************************************
>> Linked Wed Apr 26 21:00:08 2017

OUTPUT FILE NAME:   <DAB_CHARGE_5kHz.out>
ENTRY POINT SYMBOL: "_c_int00"  address: 00008f4e


MEMORY CONFIGURATION

         name            origin    length      used     unused   attr    fill
----------------------  --------  ---------  --------  --------  ----  --------
PAGE 0:
  BEGIN                 00000000   00000002  00000002  00000000  RWIX
  BOOT_RSVD             00000002   0000004e  00000000  0000004e  RWIX
  RAMM0                 00000050   000003b0  00000000  000003b0  RWIX
  RAML                  00008000   00004000  00001164  00002e9c  RWIX
  ZONE7A                00200000   0000fc00  00000000  0000fc00  RWIX
  CSM_RSVD              0033ff80   00000076  00000000  00000076  RWIX
  CSM_PWL               0033fff8   00000008  00000000  00000008  RWIX
  ADC_CAL               00380080   00000009  00000007  00000002  RWIX
  IQTABLES              003fe000   00000b50  00000000  00000b50  RWIX
  IQTABLES2             003feb50   0000008c  00000000  0000008c  RWIX
  FPUTABLES             003febdc   000006a0  00000000  000006a0  RWIX
  BOOTROM               003ff27c   00000d44  00000000  00000d44  RWIX
  RESET                 003fffc0   00000002  00000000  00000002  RWIX

PAGE 1:
  RAMM                  00000400   00000400  00000300  00000100  RWIX
  DEV_EMU               00000880   00000180  000000d0  000000b0  RWIX
  FLASH_REGS            00000a80   00000060  00000008  00000058  RWIX
  CSM                   00000ae0   00000010  00000010  00000000  RWIX
  ADC_MIRROR            00000b00   00000010  00000010  00000000  RWIX
  XINTF                 00000b20   00000020  0000001e  00000002  RWIX
  CPU_TIMER0            00000c00   00000008  00000008  00000000  RWIX
  CPU_TIMER1            00000c08   00000008  00000008  00000000  RWIX
  CPU_TIMER2            00000c10   00000008  00000008  00000000  RWIX
  PIE_CTRL              00000ce0   00000020  0000001a  00000006  RWIX
  PIE_VECT              00000d00   00000100  00000100  00000000  RWIX
  DMA                   00001000   00000200  000000e0  00000120  RWIX
  MCBSPA                00005000   00000040  00000025  0000001b  RWIX
  MCBSPB                00005040   00000040  00000025  0000001b  RWIX
  ECANA                 00006000   00000040  00000034  0000000c  RWIX
  ECANA_LAM             00006040   00000040  00000040  00000000  RWIX
  ECANA_MOTS            00006080   00000040  00000040  00000000  RWIX
  ECANA_MOTO            000060c0   00000040  00000040  00000000  RWIX
  ECANA_MBOX            00006100   00000100  00000100  00000000  RWIX
  ECANB                 00006200   00000040  00000034  0000000c  RWIX
  ECANB_LAM             00006240   00000040  00000040  00000000  RWIX
  ECANB_MOTS            00006280   00000040  00000040  00000000  RWIX
  ECANB_MOTO            000062c0   00000040  00000040  00000000  RWIX
  ECANB_MBOX            00006300   00000100  00000100  00000000  RWIX
  EPWM1                 00006800   00000022  00000022  00000000  RWIX
  EPWM2                 00006840   00000022  00000022  00000000  RWIX
  EPWM3                 00006880   00000022  00000022  00000000  RWIX
  EPWM4                 000068c0   00000022  00000022  00000000  RWIX
  EPWM5                 00006900   00000022  00000022  00000000  RWIX
  EPWM6                 00006940   00000022  00000022  00000000  RWIX
  ECAP1                 00006a00   00000020  00000020  00000000  RWIX
  ECAP2                 00006a20   00000020  00000020  00000000  RWIX
  ECAP3                 00006a40   00000020  00000020  00000000  RWIX
  ECAP4                 00006a60   00000020  00000020  00000000  RWIX
  ECAP5                 00006a80   00000020  00000020  00000000  RWIX
  ECAP6                 00006aa0   00000020  00000020  00000000  RWIX
  EQEP1                 00006b00   00000040  00000040  00000000  RWIX
  EQEP2                 00006b40   00000040  00000040  00000000  RWIX
  GPIOCTRL              00006f80   00000040  0000002e  00000012  RWIX
  GPIODAT               00006fc0   00000020  00000020  00000000  RWIX
  GPIOINT               00006fe0   00000020  0000000a  00000016  RWIX
  SYSTEM                00007010   00000020  00000020  00000000  RWIX
  SPIA                  00007040   00000010  00000010  00000000  RWIX
  SCIA                  00007050   00000010  00000010  00000000  RWIX
  XINTRUPT              00007070   00000010  00000010  00000000  RWIX
  ADC                   00007100   00000020  0000001e  00000002  RWIX
  SCIB                  00007750   00000010  00000010  00000000  RWIX
  SCIC                  00007770   00000010  00000010  00000000  RWIX
  I2CA                  00007900   00000040  00000022  0000001e  RWIX
  RAMH                  0000c000   00004000  00000188  00003e78  RWIX
  ZONE7B                0020fc00   00000400  00000000  00000400  RWIX
  CSM_PWL               0033fff8   00000008  00000008  00000000  RWIX


SECTION ALLOCATION MAP

 output                                  attributes/
section   page    origin      length       input sections
--------  ----  ----------  ----------   ----------------
codestart 
*          0    00000000    00000002     
                  00000000    00000002     DSP2833x_CodeStartBranch.obj (codestart)

.pinit     0    00008000    00000000     UNINITIALIZED

.text      0    00008000    0000104e     
                  00008000    000004f6     main.obj (.text:retain)
                  000084f6    00000323     DSP2833x_DefaultIsr.obj (.text:retain)
                  00008819    0000019a     DABcontrol.obj (.text)
                  000089b3    00000167     ysPWM.obj (.text)
                  00008b1a    000000f7     DSP2833x_SysCtrl.obj (.text)
                  00008c11    000000f0     ysPORT.obj (.text)
                  00008d01    000000ed     ysADC.obj (.text)
                  00008dee    00000088     rts2800_fpu32.lib : fs_div.obj (.text)
                  00008e76    0000006f     ysECAP.obj (.text)
                  00008ee5    00000069     ysDAC.obj (.text)
                  00008f4e    00000046     rts2800_fpu32.lib : boot.obj (.text)
                  00008f94    0000002f     main.obj (.text)
                  00008fc3    00000028     DSP2833x_PieCtrl.obj (.text)
                  00008feb    00000020     DSP2833x_PieVect.obj (.text)
                  0000900b    00000019     rts2800_fpu32.lib : args_main.obj (.text)
                  00009024    00000019                       : exit.obj (.text)
                  0000903d    00000009                       : _lock.obj (.text)
                  00009046    00000008     DSP2833x_CodeStartBranch.obj (.text)

.cinit     0    0000904e    00000112     
                  0000904e    000000d7     DABcontrol.obj (.cinit)
                  00009125    0000001d     main.obj (.cinit)
                  00009142    0000000a     rts2800_fpu32.lib : _lock.obj (.cinit)
                  0000914c    0000000a                       : exit.obj (.cinit)
                  00009156    00000004     ysADC.obj (.cinit)
                  0000915a    00000004     ysPWM.obj (.cinit)
                  0000915e    00000002     --HOLE-- [fill = 0]

ramfuncs   0    00009160    00000004     
                  00009160    00000004     DSP2833x_usDelay.obj (ramfuncs)

csm_rsvd   0    0033ff80    00000000     DSECT

csmpasswds 
*          0    0033fff8    00000000     DSECT

.adc_cal   0    00380080    00000007     NOLOAD SECTION
                  00380080    00000007     DSP2833x_ADC_cal.obj (.adc_cal)

.reset     0    003fffc0    00000002     DSECT
                  003fffc0    00000002     rts2800_fpu32.lib : boot.obj (.reset)

.stack     1    00000400    00000300     UNINITIALIZED
                  00000400    00000300     --HOLE--

DevEmuRegsFile 
*          1    00000880    000000d0     UNINITIALIZED
                  00000880    000000d0     DSP2833x_GlobalVariableDefs.obj (DevEmuRegsFile)

FlashRegsFile 
*          1    00000a80    00000008     UNINITIALIZED
                  00000a80    00000008     DSP2833x_GlobalVariableDefs.obj (FlashRegsFile)

CsmRegsFile 
*          1    00000ae0    00000010     UNINITIALIZED
                  00000ae0    00000010     DSP2833x_GlobalVariableDefs.obj (CsmRegsFile)

AdcMirrorFile 
*          1    00000b00    00000010     UNINITIALIZED
                  00000b00    00000010     DSP2833x_GlobalVariableDefs.obj (AdcMirrorFile)

XintfRegsFile 
*          1    00000b20    0000001e     UNINITIALIZED
                  00000b20    0000001e     DSP2833x_GlobalVariableDefs.obj (XintfRegsFile)

CpuTimer0RegsFile 
*          1    00000c00    00000008     UNINITIALIZED
                  00000c00    00000008     DSP2833x_GlobalVariableDefs.obj (CpuTimer0RegsFile)

CpuTimer1RegsFile 
*          1    00000c08    00000008     UNINITIALIZED
                  00000c08    00000008     DSP2833x_GlobalVariableDefs.obj (CpuTimer1RegsFile)

CpuTimer2RegsFile 
*          1    00000c10    00000008     UNINITIALIZED
                  00000c10    00000008     DSP2833x_GlobalVariableDefs.obj (CpuTimer2RegsFile)

PieCtrlRegsFile 
*          1    00000ce0    0000001a     UNINITIALIZED
                  00000ce0    0000001a     DSP2833x_GlobalVariableDefs.obj (PieCtrlRegsFile)

PieVectTableFile 
*          1    00000d00    00000100     UNINITIALIZED
                  00000d00    00000100     DSP2833x_GlobalVariableDefs.obj (PieVectTableFile)

DmaRegsFile 
*          1    00001000    000000e0     UNINITIALIZED
                  00001000    000000e0     DSP2833x_GlobalVariableDefs.obj (DmaRegsFile)

McbspaRegsFile 
*          1    00005000    00000025     UNINITIALIZED
                  00005000    00000025     DSP2833x_GlobalVariableDefs.obj (McbspaRegsFile)

McbspbRegsFile 
*          1    00005040    00000025     UNINITIALIZED
                  00005040    00000025     DSP2833x_GlobalVariableDefs.obj (McbspbRegsFile)

ECanaRegsFile 
*          1    00006000    00000034     UNINITIALIZED
                  00006000    00000034     DSP2833x_GlobalVariableDefs.obj (ECanaRegsFile)

ECanaLAMRegsFile 
*          1    00006040    00000040     UNINITIALIZED
                  00006040    00000040     DSP2833x_GlobalVariableDefs.obj (ECanaLAMRegsFile)

ECanaMOTSRegsFile 
*          1    00006080    00000040     UNINITIALIZED
                  00006080    00000040     DSP2833x_GlobalVariableDefs.obj (ECanaMOTSRegsFile)

ECanaMOTORegsFile 
*          1    000060c0    00000040     UNINITIALIZED
                  000060c0    00000040     DSP2833x_GlobalVariableDefs.obj (ECanaMOTORegsFile)

ECanaMboxesFile 
*          1    00006100    00000100     UNINITIALIZED
                  00006100    00000100     DSP2833x_GlobalVariableDefs.obj (ECanaMboxesFile)

ECanbRegsFile 
*          1    00006200    00000034     UNINITIALIZED
                  00006200    00000034     DSP2833x_GlobalVariableDefs.obj (ECanbRegsFile)

ECanbLAMRegsFile 
*          1    00006240    00000040     UNINITIALIZED
                  00006240    00000040     DSP2833x_GlobalVariableDefs.obj (ECanbLAMRegsFile)

ECanbMOTSRegsFile 
*          1    00006280    00000040     UNINITIALIZED
                  00006280    00000040     DSP2833x_GlobalVariableDefs.obj (ECanbMOTSRegsFile)

ECanbMOTORegsFile 
*          1    000062c0    00000040     UNINITIALIZED
                  000062c0    00000040     DSP2833x_GlobalVariableDefs.obj (ECanbMOTORegsFile)

ECanbMboxesFile 
*          1    00006300    00000100     UNINITIALIZED
                  00006300    00000100     DSP2833x_GlobalVariableDefs.obj (ECanbMboxesFile)

EPwm1RegsFile 
*          1    00006800    00000022     UNINITIALIZED
                  00006800    00000022     DSP2833x_GlobalVariableDefs.obj (EPwm1RegsFile)

EPwm2RegsFile 
*          1    00006840    00000022     UNINITIALIZED
                  00006840    00000022     DSP2833x_GlobalVariableDefs.obj (EPwm2RegsFile)

EPwm3RegsFile 
*          1    00006880    00000022     UNINITIALIZED
                  00006880    00000022     DSP2833x_GlobalVariableDefs.obj (EPwm3RegsFile)

EPwm4RegsFile 
*          1    000068c0    00000022     UNINITIALIZED
                  000068c0    00000022     DSP2833x_GlobalVariableDefs.obj (EPwm4RegsFile)

EPwm5RegsFile 
*          1    00006900    00000022     UNINITIALIZED
                  00006900    00000022     DSP2833x_GlobalVariableDefs.obj (EPwm5RegsFile)

EPwm6RegsFile 
*          1    00006940    00000022     UNINITIALIZED
                  00006940    00000022     DSP2833x_GlobalVariableDefs.obj (EPwm6RegsFile)

ECap1RegsFile 
*          1    00006a00    00000020     UNINITIALIZED
                  00006a00    00000020     DSP2833x_GlobalVariableDefs.obj (ECap1RegsFile)

ECap2RegsFile 
*          1    00006a20    00000020     UNINITIALIZED
                  00006a20    00000020     DSP2833x_GlobalVariableDefs.obj (ECap2RegsFile)

ECap3RegsFile 
*          1    00006a40    00000020     UNINITIALIZED
                  00006a40    00000020     DSP2833x_GlobalVariableDefs.obj (ECap3RegsFile)

ECap4RegsFile 
*          1    00006a60    00000020     UNINITIALIZED
                  00006a60    00000020     DSP2833x_GlobalVariableDefs.obj (ECap4RegsFile)

ECap5RegsFile 
*          1    00006a80    00000020     UNINITIALIZED
                  00006a80    00000020     DSP2833x_GlobalVariableDefs.obj (ECap5RegsFile)

ECap6RegsFile 
*          1    00006aa0    00000020     UNINITIALIZED
                  00006aa0    00000020     DSP2833x_GlobalVariableDefs.obj (ECap6RegsFile)

EQep1RegsFile 
*          1    00006b00    00000040     UNINITIALIZED
                  00006b00    00000040     DSP2833x_GlobalVariableDefs.obj (EQep1RegsFile)

EQep2RegsFile 
*          1    00006b40    00000040     UNINITIALIZED
                  00006b40    00000040     DSP2833x_GlobalVariableDefs.obj (EQep2RegsFile)

GpioCtrlRegsFile 
*          1    00006f80    0000002e     UNINITIALIZED
                  00006f80    0000002e     DSP2833x_GlobalVariableDefs.obj (GpioCtrlRegsFile)

GpioDataRegsFile 
*          1    00006fc0    00000020     UNINITIALIZED
                  00006fc0    00000020     DSP2833x_GlobalVariableDefs.obj (GpioDataRegsFile)

GpioIntRegsFile 
*          1    00006fe0    0000000a     UNINITIALIZED
                  00006fe0    0000000a     DSP2833x_GlobalVariableDefs.obj (GpioIntRegsFile)

SysCtrlRegsFile 
*          1    00007010    00000020     UNINITIALIZED
                  00007010    00000020     DSP2833x_GlobalVariableDefs.obj (SysCtrlRegsFile)

SpiaRegsFile 
*          1    00007040    00000010     UNINITIALIZED
                  00007040    00000010     DSP2833x_GlobalVariableDefs.obj (SpiaRegsFile)

SciaRegsFile 
*          1    00007050    00000010     UNINITIALIZED
                  00007050    00000010     DSP2833x_GlobalVariableDefs.obj (SciaRegsFile)

XIntruptRegsFile 
*          1    00007070    00000010     UNINITIALIZED
                  00007070    00000010     DSP2833x_GlobalVariableDefs.obj (XIntruptRegsFile)

AdcRegsFile 
*          1    00007100    0000001e     UNINITIALIZED
                  00007100    0000001e     DSP2833x_GlobalVariableDefs.obj (AdcRegsFile)

ScibRegsFile 
*          1    00007750    00000010     UNINITIALIZED
                  00007750    00000010     DSP2833x_GlobalVariableDefs.obj (ScibRegsFile)

ScicRegsFile 
*          1    00007770    00000010     UNINITIALIZED
                  00007770    00000010     DSP2833x_GlobalVariableDefs.obj (ScicRegsFile)

I2caRegsFile 
*          1    00007900    00000022     UNINITIALIZED
                  00007900    00000022     DSP2833x_GlobalVariableDefs.obj (I2caRegsFile)

.econst    1    0000c000    00000100     
                  0000c000    00000100     DSP2833x_PieVect.obj (.econst)

.ebss      1    0000c100    00000088     UNINITIALIZED
                  0000c100    00000056     DABcontrol.obj (.ebss)
                  0000c156    00000018     DSP2833x_CpuTimers.obj (.ebss)
                  0000c16e    00000010     main.obj (.ebss)
                  0000c17e    00000001     ysADC.obj (.ebss)
                  0000c17f    00000001     ysPWM.obj (.ebss)
                  0000c180    00000004     rts2800_fpu32.lib : _lock.obj (.ebss)
                  0000c184    00000004                       : exit.obj (.ebss)

CsmPwlFile 
*          1    0033fff8    00000008     UNINITIALIZED
                  0033fff8    00000008     DSP2833x_GlobalVariableDefs.obj (CsmPwlFile)


GLOBAL DATA SYMBOLS: SORTED BY DATA PAGE

address     data page           name
--------    ----------------    ----
00000400      10 (00000400)     __stack

00000880      22 (00000880)     _DevEmuRegs

00000a80      2a (00000a80)     _FlashRegs

00000ae0      2b (00000ac0)     _CsmRegs

00000b00      2c (00000b00)     _AdcMirror
00000b20      2c (00000b00)     _XintfRegs

00000c00      30 (00000c00)     _CpuTimer0Regs
00000c08      30 (00000c00)     _CpuTimer1Regs
00000c10      30 (00000c00)     _CpuTimer2Regs

00000ce0      33 (00000cc0)     _PieCtrlRegs

00000d00      34 (00000d00)     _PieVectTable

00001000      40 (00001000)     _DmaRegs

00005000     140 (00005000)     _McbspaRegs

00005040     141 (00005040)     _McbspbRegs

00006000     180 (00006000)     _ECanaRegs

00006040     181 (00006040)     _ECanaLAMRegs

00006080     182 (00006080)     _ECanaMOTSRegs

000060c0     183 (000060c0)     _ECanaMOTORegs

00006100     184 (00006100)     _ECanaMboxes

00006200     188 (00006200)     _ECanbRegs

00006240     189 (00006240)     _ECanbLAMRegs

00006280     18a (00006280)     _ECanbMOTSRegs

000062c0     18b (000062c0)     _ECanbMOTORegs

00006300     18c (00006300)     _ECanbMboxes

00006800     1a0 (00006800)     _EPwm1Regs

00006840     1a1 (00006840)     _EPwm2Regs

00006880     1a2 (00006880)     _EPwm3Regs

000068c0     1a3 (000068c0)     _EPwm4Regs

00006900     1a4 (00006900)     _EPwm5Regs

00006940     1a5 (00006940)     _EPwm6Regs

00006a00     1a8 (00006a00)     _ECap1Regs
00006a20     1a8 (00006a00)     _ECap2Regs

00006a40     1a9 (00006a40)     _ECap3Regs
00006a60     1a9 (00006a40)     _ECap4Regs

00006a80     1aa (00006a80)     _ECap5Regs
00006aa0     1aa (00006a80)     _ECap6Regs

00006b00     1ac (00006b00)     _EQep1Regs

00006b40     1ad (00006b40)     _EQep2Regs

00006f80     1be (00006f80)     _GpioCtrlRegs

00006fc0     1bf (00006fc0)     _GpioDataRegs
00006fe0     1bf (00006fc0)     _GpioIntRegs

00007010     1c0 (00007000)     _SysCtrlRegs

00007040     1c1 (00007040)     _SpiaRegs
00007050     1c1 (00007040)     _SciaRegs
00007070     1c1 (00007040)     _XIntruptRegs

00007100     1c4 (00007100)     _AdcRegs

00007750     1dd (00007740)     _ScibRegs
00007770     1dd (00007740)     _ScicRegs

00007900     1e4 (00007900)     _I2caRegs

0000c000     300 (0000c000)     _PieVectTableInit

0000c100     304 (0000c100)     _Ia_en1
0000c102     304 (0000c100)     _Ia_en
0000c104     304 (0000c100)     _Ia_en2
0000c106     304 (0000c100)     _Ia_Rn1
0000c108     304 (0000c100)     _Ia_Rn
0000c10a     304 (0000c100)     _Ia_Rn2
0000c10c     304 (0000c100)     _Ig_en1
0000c10e     304 (0000c100)     _Ig_en
0000c110     304 (0000c100)     _Ig_en2
0000c112     304 (0000c100)     _Ig_Rn1
0000c114     304 (0000c100)     _Ig_Rn
0000c116     304 (0000c100)     _Ig_Rn2
0000c118     304 (0000c100)     _Ic_en1
0000c11a     304 (0000c100)     _Ic_en
0000c11c     304 (0000c100)     _Ic_en2
0000c11e     304 (0000c100)     _Ic_Rn1
0000c120     304 (0000c100)     _Ic_Rn
0000c122     304 (0000c100)     _Ic_Rn2
0000c124     304 (0000c100)     _Ib_en1
0000c126     304 (0000c100)     _Ib_en
0000c128     304 (0000c100)     _Ib_en2
0000c12a     304 (0000c100)     _Ib_Rn1
0000c12c     304 (0000c100)     _Ib_Rn
0000c12e     304 (0000c100)     _Ib_Rn2
0000c130     304 (0000c100)     _Ii
0000c132     304 (0000c100)     _Ug
0000c134     304 (0000c100)     _Ig
0000c136     304 (0000c100)     _Ib
0000c138     304 (0000c100)     _Ia
0000c13a     304 (0000c100)     _Ic
0000c13c     304 (0000c100)     _Ui
0000c13e     304 (0000c100)     _Ia_cmd

0000c140     305 (0000c140)     _Ig_cmd
0000c142     305 (0000c140)     _Ib_cmd
0000c144     305 (0000c140)     _Kp_Ig
0000c146     305 (0000c140)     _Ic_cmd
0000c148     305 (0000c140)     _Kr_Ig
0000c14a     305 (0000c140)     _Ua_cmd
0000c14c     305 (0000c140)     _Ug_cmd
0000c14e     305 (0000c140)     _Ub_cmd
0000c150     305 (0000c140)     _IgRefRatio
0000c152     305 (0000c140)     _Uc_cmd
0000c154     305 (0000c140)     _IabcRefRatio
0000c156     305 (0000c140)     _CpuTimer1
0000c15e     305 (0000c140)     _CpuTimer2
0000c166     305 (0000c140)     _CpuTimer0
0000c16e     305 (0000c140)     _D_LegN
0000c16f     305 (0000c140)     _D_Leg3
0000c170     305 (0000c140)     _D_Leg2
0000c171     305 (0000c140)     _LegCount
0000c172     305 (0000c140)     _indexDA
0000c173     305 (0000c140)     _D_Leg1
0000c174     305 (0000c140)     _Dutycycle
0000c176     305 (0000c140)     _mSample
0000c17e     305 (0000c140)     _conv_flg
0000c17f     305 (0000c140)     _PhaSft

0000c180     306 (0000c180)     __unlock
0000c182     306 (0000c180)     __lock
0000c184     306 (0000c180)     ___TI_cleanup_ptr
0000c186     306 (0000c180)     ___TI_dtors_ptr

0033fff8    cfff (0033ffc0)     _CsmPwl


GLOBAL SYMBOLS: SORTED ALPHABETICALLY BY Name 

address    name
--------   ----
00008000   .text
00009024   C$$EXIT
00008dee   FS$$DIV
000085dc   _ADCINT_ISR
00380080   _ADC_cal
00000b00   _AdcMirror
00007100   _AdcRegs
0000c166   _CpuTimer0
00000c00   _CpuTimer0Regs
0000c156   _CpuTimer1
00000c08   _CpuTimer1Regs
0000c15e   _CpuTimer2
00000c10   _CpuTimer2Regs
0033fff8   _CsmPwl
00000ae0   _CsmRegs
00008be0   _CsmUnlock
00008ee5   _DACout
0000850a   _DATALOG_ISR
000086fe   _DINTCH1_ISR
00008708   _DINTCH2_ISR
00008712   _DINTCH3_ISR
0000871c   _DINTCH4_ISR
00008726   _DINTCH5_ISR
00008730   _DINTCH6_ISR
00009160   _DSP28x_usDelay
0000c173   _D_Leg1
0000c170   _D_Leg2
0000c16f   _D_Leg3
0000c16e   _D_LegN
00000880   _DevEmuRegs
00008956   _Dfilter
00008b2d   _DisableDog
00001000   _DmaRegs
0000c174   _Dutycycle
0000878a   _ECAN0INTA_ISR
0000879e   _ECAN0INTB_ISR
00008794   _ECAN1INTA_ISR
000087a8   _ECAN1INTB_ISR
00008672   _ECAP1_INT_ISR
0000867c   _ECAP2_INT_ISR
00008686   _ECAP3_INT_ISR
00008690   _ECAP4_INT_ISR
0000869a   _ECAP5_INT_ISR
000086a4   _ECAP6_INT_ISR
00006040   _ECanaLAMRegs
000060c0   _ECanaMOTORegs
00006080   _ECanaMOTSRegs
00006100   _ECanaMboxes
00006000   _ECanaRegs
00006240   _ECanbLAMRegs
000062c0   _ECanbMOTORegs
00006280   _ECanbMOTSRegs
00006300   _ECanbMboxes
00006200   _ECanbRegs
00006a00   _ECap1Regs
00006a20   _ECap2Regs
00006a40   _ECap3Regs
00006a60   _ECap4Regs
00006a80   _ECap5Regs
00006aa0   _ECap6Regs
000087f8   _EMPTY_ISR
0000851e   _EMUINT_ISR
00008636   _EPWM1_INT_ISR
000085fa   _EPWM1_TZINT_ISR
00008640   _EPWM2_INT_ISR
00008604   _EPWM2_TZINT_ISR
0000864a   _EPWM3_INT_ISR
0000860e   _EPWM3_TZINT_ISR
00008654   _EPWM4_INT_ISR
00008618   _EPWM4_TZINT_ISR
0000865e   _EPWM5_INT_ISR
00008622   _EPWM5_TZINT_ISR
00008668   _EPWM6_INT_ISR
0000862c   _EPWM6_TZINT_ISR
00006800   _EPwm1Regs
00006840   _EPwm2Regs
00006880   _EPwm3Regs
000068c0   _EPwm4Regs
00006900   _EPwm5Regs
00006940   _EPwm6Regs
000086ae   _EQEP1_INT_ISR
000086b8   _EQEP2_INT_ISR
00006b00   _EQep1Regs
00006b40   _EQep2Regs
00008fe2   _EnableInterrupts
00000a80   _FlashRegs
00006f80   _GpioCtrlRegs
00006fc0   _GpioDataRegs
00006fe0   _GpioIntRegs
0000873a   _I2CINT1A_ISR
00008744   _I2CINT2A_ISR
00007900   _I2caRegs
00008532   _ILLEGAL_ISR
000084f6   _INT13_ISR
00008500   _INT14_ISR
0000c138   _Ia
0000c108   _Ia_Rn
0000c106   _Ia_Rn1
0000c10a   _Ia_Rn2
0000c13e   _Ia_cmd
0000c102   _Ia_en
0000c100   _Ia_en1
0000c104   _Ia_en2
0000c154   _IabcRefRatio
0000c136   _Ib
0000c12c   _Ib_Rn
0000c12a   _Ib_Rn1
0000c12e   _Ib_Rn2
0000c142   _Ib_cmd
0000c126   _Ib_en
0000c124   _Ib_en1
0000c128   _Ib_en2
0000c13a   _Ic
0000c120   _Ic_Rn
0000c11e   _Ic_Rn1
0000c122   _Ic_Rn2
0000c146   _Ic_cmd
0000c11a   _Ic_en
0000c118   _Ic_en1
0000c11c   _Ic_en2
0000c134   _Ig
0000c150   _IgRefRatio
0000c114   _Ig_Rn
0000c112   _Ig_Rn1
0000c116   _Ig_Rn2
0000c140   _Ig_cmd
0000c10e   _Ig_en
0000c10c   _Ig_en1
0000c110   _Ig_en2
0000c130   _Ii
00008d01   _InitADC
00008e76   _InitECAP
00008c11   _InitPORT
000089b3   _InitPWM
00008b85   _InitPeripheralClocks
00008fc3   _InitPieCtrl
00008feb   _InitPieVectTable
00008b35   _InitPll
00008b1a   _InitSysCtrl
00008924   _Integrator
0000c144   _Kp_Ig
0000c148   _Kr_Ig
00008935   _LPfilter
000087ee   _LUF_ISR
000087e4   _LVF_ISR
0000c171   _LegCount
000086ea   _MRINTA_ISR
000086d6   _MRINTB_ISR
000086f4   _MXINTA_ISR
000086e0   _MXINTB_ISR
00005000   _McbspaRegs
00005040   _McbspbRegs
00008528   _NMI_ISR
00008805   _PIE_RESERVED
00008819   _PImodule
0000887f   _PRmodule
00008d75   _ParallelRD
0000c17f   _PhaSft
00000ce0   _PieCtrlRegs
00000d00   _PieVectTable
0000c000   _PieVectTableInit
00008514   _RTOSINT_ISR
00008762   _SCIRXINTA_ISR
00008776   _SCIRXINTB_ISR
0000874e   _SCIRXINTC_ISR
0000876c   _SCITXINTA_ISR
00008780   _SCITXINTB_ISR
00008758   _SCITXINTC_ISR
000085b4   _SEQ1INT_ISR
000085be   _SEQ2INT_ISR
000086c2   _SPIRXINTA_ISR
000086cc   _SPITXINTA_ISR
00007050   _SciaRegs
00007750   _ScibRegs
00007770   _ScicRegs
00008d14   _SerialRD
00008b23   _ServiceDog
00007040   _SpiaRegs
00007010   _SysCtrlRegs
000085e6   _TINT0_ISR
00008596   _USER10_ISR
000085a0   _USER11_ISR
000085aa   _USER12_ISR
0000853c   _USER1_ISR
00008546   _USER2_ISR
00008550   _USER3_ISR
0000855a   _USER4_ISR
00008564   _USER5_ISR
0000856e   _USER6_ISR
00008578   _USER7_ISR
00008582   _USER8_ISR
0000858c   _USER9_ISR
0000c14a   _Ua_cmd
0000c14e   _Ub_cmd
0000c152   _Uc_cmd
0000c132   _Ug
0000c14c   _Ug_cmd
0000c13c   _Ui
000085f0   _WAKEINT_ISR
000085c8   _XINT1_ISR
000085d2   _XINT2_ISR
000087b2   _XINT3_ISR
000087bc   _XINT4_ISR
000087c6   _XINT5_ISR
000087d0   _XINT6_ISR
000087da   _XINT7_ISR
00007070   _XIntruptRegs
00000b20   _XintfRegs
00000700   __STACK_END
00000300   __STACK_SIZE
00000001   __TI_args_main
0000c184   ___TI_cleanup_ptr
0000c186   ___TI_dtors_ptr
ffffffff   ___binit__
ffffffff   ___c_args__
0000904e   ___cinit__
0000904e   ___etext__
ffffffff   ___pinit__
00008000   ___text__
0000900b   __args_main
0000c182   __lock
00009045   __nop
00009041   __register_lock
0000903d   __register_unlock
00000400   __stack
0000c180   __unlock
00009024   _abort
00008f4e   _c_int00
0000c17e   _conv_flg
00008000   _epwm1_timer_isr
00009026   _exit
0000c172   _indexDA
0000c176   _mSample
00008f94   _main
0000880f   _rsvd_ISR
ffffffff   binit
0000904e   cinit
00000000   code_start
0000904e   etext
ffffffff   pinit


GLOBAL SYMBOLS: SORTED BY Symbol Address 

address    name
--------   ----
00000000   code_start
00000001   __TI_args_main
00000300   __STACK_SIZE
00000400   __stack
00000700   __STACK_END
00000880   _DevEmuRegs
00000a80   _FlashRegs
00000ae0   _CsmRegs
00000b00   _AdcMirror
00000b20   _XintfRegs
00000c00   _CpuTimer0Regs
00000c08   _CpuTimer1Regs
00000c10   _CpuTimer2Regs
00000ce0   _PieCtrlRegs
00000d00   _PieVectTable
00001000   _DmaRegs
00005000   _McbspaRegs
00005040   _McbspbRegs
00006000   _ECanaRegs
00006040   _ECanaLAMRegs
00006080   _ECanaMOTSRegs
000060c0   _ECanaMOTORegs
00006100   _ECanaMboxes
00006200   _ECanbRegs
00006240   _ECanbLAMRegs
00006280   _ECanbMOTSRegs
000062c0   _ECanbMOTORegs
00006300   _ECanbMboxes
00006800   _EPwm1Regs
00006840   _EPwm2Regs
00006880   _EPwm3Regs
000068c0   _EPwm4Regs
00006900   _EPwm5Regs
00006940   _EPwm6Regs
00006a00   _ECap1Regs
00006a20   _ECap2Regs
00006a40   _ECap3Regs
00006a60   _ECap4Regs
00006a80   _ECap5Regs
00006aa0   _ECap6Regs
00006b00   _EQep1Regs
00006b40   _EQep2Regs
00006f80   _GpioCtrlRegs
00006fc0   _GpioDataRegs
00006fe0   _GpioIntRegs
00007010   _SysCtrlRegs
00007040   _SpiaRegs
00007050   _SciaRegs
00007070   _XIntruptRegs
00007100   _AdcRegs
00007750   _ScibRegs
00007770   _ScicRegs
00007900   _I2caRegs
00008000   .text
00008000   ___text__
00008000   _epwm1_timer_isr
000084f6   _INT13_ISR
00008500   _INT14_ISR
0000850a   _DATALOG_ISR
00008514   _RTOSINT_ISR
0000851e   _EMUINT_ISR
00008528   _NMI_ISR
00008532   _ILLEGAL_ISR
0000853c   _USER1_ISR
00008546   _USER2_ISR
00008550   _USER3_ISR
0000855a   _USER4_ISR
00008564   _USER5_ISR
0000856e   _USER6_ISR
00008578   _USER7_ISR
00008582   _USER8_ISR
0000858c   _USER9_ISR
00008596   _USER10_ISR
000085a0   _USER11_ISR
000085aa   _USER12_ISR
000085b4   _SEQ1INT_ISR
000085be   _SEQ2INT_ISR
000085c8   _XINT1_ISR
000085d2   _XINT2_ISR
000085dc   _ADCINT_ISR
000085e6   _TINT0_ISR
000085f0   _WAKEINT_ISR
000085fa   _EPWM1_TZINT_ISR
00008604   _EPWM2_TZINT_ISR
0000860e   _EPWM3_TZINT_ISR
00008618   _EPWM4_TZINT_ISR
00008622   _EPWM5_TZINT_ISR
0000862c   _EPWM6_TZINT_ISR
00008636   _EPWM1_INT_ISR
00008640   _EPWM2_INT_ISR
0000864a   _EPWM3_INT_ISR
00008654   _EPWM4_INT_ISR
0000865e   _EPWM5_INT_ISR
00008668   _EPWM6_INT_ISR
00008672   _ECAP1_INT_ISR
0000867c   _ECAP2_INT_ISR
00008686   _ECAP3_INT_ISR
00008690   _ECAP4_INT_ISR
0000869a   _ECAP5_INT_ISR
000086a4   _ECAP6_INT_ISR
000086ae   _EQEP1_INT_ISR
000086b8   _EQEP2_INT_ISR
000086c2   _SPIRXINTA_ISR
000086cc   _SPITXINTA_ISR
000086d6   _MRINTB_ISR
000086e0   _MXINTB_ISR
000086ea   _MRINTA_ISR
000086f4   _MXINTA_ISR
000086fe   _DINTCH1_ISR
00008708   _DINTCH2_ISR
00008712   _DINTCH3_ISR
0000871c   _DINTCH4_ISR
00008726   _DINTCH5_ISR
00008730   _DINTCH6_ISR
0000873a   _I2CINT1A_ISR
00008744   _I2CINT2A_ISR
0000874e   _SCIRXINTC_ISR
00008758   _SCITXINTC_ISR
00008762   _SCIRXINTA_ISR
0000876c   _SCITXINTA_ISR
00008776   _SCIRXINTB_ISR
00008780   _SCITXINTB_ISR
0000878a   _ECAN0INTA_ISR
00008794   _ECAN1INTA_ISR
0000879e   _ECAN0INTB_ISR
000087a8   _ECAN1INTB_ISR
000087b2   _XINT3_ISR
000087bc   _XINT4_ISR
000087c6   _XINT5_ISR
000087d0   _XINT6_ISR
000087da   _XINT7_ISR
000087e4   _LVF_ISR
000087ee   _LUF_ISR
000087f8   _EMPTY_ISR
00008805   _PIE_RESERVED
0000880f   _rsvd_ISR
00008819   _PImodule
0000887f   _PRmodule
00008924   _Integrator
00008935   _LPfilter
00008956   _Dfilter
000089b3   _InitPWM
00008b1a   _InitSysCtrl
00008b23   _ServiceDog
00008b2d   _DisableDog
00008b35   _InitPll
00008b85   _InitPeripheralClocks
00008be0   _CsmUnlock
00008c11   _InitPORT
00008d01   _InitADC
00008d14   _SerialRD
00008d75   _ParallelRD
00008dee   FS$$DIV
00008e76   _InitECAP
00008ee5   _DACout
00008f4e   _c_int00
00008f94   _main
00008fc3   _InitPieCtrl
00008fe2   _EnableInterrupts
00008feb   _InitPieVectTable
0000900b   __args_main
00009024   C$$EXIT
00009024   _abort
00009026   _exit
0000903d   __register_unlock
00009041   __register_lock
00009045   __nop
0000904e   ___cinit__
0000904e   ___etext__
0000904e   cinit
0000904e   etext
00009160   _DSP28x_usDelay
0000c000   _PieVectTableInit
0000c100   _Ia_en1
0000c102   _Ia_en
0000c104   _Ia_en2
0000c106   _Ia_Rn1
0000c108   _Ia_Rn
0000c10a   _Ia_Rn2
0000c10c   _Ig_en1
0000c10e   _Ig_en
0000c110   _Ig_en2
0000c112   _Ig_Rn1
0000c114   _Ig_Rn
0000c116   _Ig_Rn2
0000c118   _Ic_en1
0000c11a   _Ic_en
0000c11c   _Ic_en2
0000c11e   _Ic_Rn1
0000c120   _Ic_Rn
0000c122   _Ic_Rn2
0000c124   _Ib_en1
0000c126   _Ib_en
0000c128   _Ib_en2
0000c12a   _Ib_Rn1
0000c12c   _Ib_Rn
0000c12e   _Ib_Rn2
0000c130   _Ii
0000c132   _Ug
0000c134   _Ig
0000c136   _Ib
0000c138   _Ia
0000c13a   _Ic
0000c13c   _Ui
0000c13e   _Ia_cmd
0000c140   _Ig_cmd
0000c142   _Ib_cmd
0000c144   _Kp_Ig
0000c146   _Ic_cmd
0000c148   _Kr_Ig
0000c14a   _Ua_cmd
0000c14c   _Ug_cmd
0000c14e   _Ub_cmd
0000c150   _IgRefRatio
0000c152   _Uc_cmd
0000c154   _IabcRefRatio
0000c156   _CpuTimer1
0000c15e   _CpuTimer2
0000c166   _CpuTimer0
0000c16e   _D_LegN
0000c16f   _D_Leg3
0000c170   _D_Leg2
0000c171   _LegCount
0000c172   _indexDA
0000c173   _D_Leg1
0000c174   _Dutycycle
0000c176   _mSample
0000c17e   _conv_flg
0000c17f   _PhaSft
0000c180   __unlock
0000c182   __lock
0000c184   ___TI_cleanup_ptr
0000c186   ___TI_dtors_ptr
0033fff8   _CsmPwl
00380080   _ADC_cal
ffffffff   ___binit__
ffffffff   ___c_args__
ffffffff   ___pinit__
ffffffff   binit
ffffffff   pinit

[240 symbols]
