<?xml version="1.0"?>
<link_info>
   <banner>TMS320C2000 Linker PC v6.2.5</banner>
   <copyright>Copyright (c) 1996-2014 Texas Instruments Incorporated</copyright>
   <link_time>0x59715b44</link_time>
   <link_errors>0x0</link_errors>
   <output_file>DAB_V2G.out</output_file>
   <entry_point>
      <name>_c_int00</name>
      <address>0x8fd1</address>
   </entry_point>
   <input_file_list>
      <input_file id="fl-2">
         <path>.\source\</path>
         <kind>object</kind>
         <file>DSP2833x_usDelay.obj</file>
         <name>DSP2833x_usDelay.obj</name>
      </input_file>
      <input_file id="fl-3">
         <path>.\source\</path>
         <kind>object</kind>
         <file>DSP2833x_Xintf.obj</file>
         <name>DSP2833x_Xintf.obj</name>
      </input_file>
      <input_file id="fl-4">
         <path>.\source\</path>
         <kind>object</kind>
         <file>DSP2833x_SysCtrl.obj</file>
         <name>DSP2833x_SysCtrl.obj</name>
      </input_file>
      <input_file id="fl-5">
         <path>.\source\</path>
         <kind>object</kind>
         <file>DSP2833x_PieVect.obj</file>
         <name>DSP2833x_PieVect.obj</name>
      </input_file>
      <input_file id="fl-6">
         <path>.\source\</path>
         <kind>object</kind>
         <file>DSP2833x_PieCtrl.obj</file>
         <name>DSP2833x_PieCtrl.obj</name>
      </input_file>
      <input_file id="fl-7">
         <path>.\source\</path>
         <kind>object</kind>
         <file>DSP2833x_GlobalVariableDefs.obj</file>
         <name>DSP2833x_GlobalVariableDefs.obj</name>
      </input_file>
      <input_file id="fl-8">
         <path>.\source\</path>
         <kind>object</kind>
         <file>DSP2833x_DefaultIsr.obj</file>
         <name>DSP2833x_DefaultIsr.obj</name>
      </input_file>
      <input_file id="fl-9">
         <path>.\source\</path>
         <kind>object</kind>
         <file>DSP2833x_CpuTimers.obj</file>
         <name>DSP2833x_CpuTimers.obj</name>
      </input_file>
      <input_file id="fl-a">
         <path>.\source\</path>
         <kind>object</kind>
         <file>DSP2833x_CodeStartBranch.obj</file>
         <name>DSP2833x_CodeStartBranch.obj</name>
      </input_file>
      <input_file id="fl-b">
         <path>.\source\</path>
         <kind>object</kind>
         <file>DSP2833x_ADC_cal.obj</file>
         <name>DSP2833x_ADC_cal.obj</name>
      </input_file>
      <input_file id="fl-c">
         <path>.\yssources\</path>
         <kind>object</kind>
         <file>ysSPI.obj</file>
         <name>ysSPI.obj</name>
      </input_file>
      <input_file id="fl-d">
         <path>.\yssources\</path>
         <kind>object</kind>
         <file>ysSCI.obj</file>
         <name>ysSCI.obj</name>
      </input_file>
      <input_file id="fl-e">
         <path>.\yssources\</path>
         <kind>object</kind>
         <file>ysPWM.obj</file>
         <name>ysPWM.obj</name>
      </input_file>
      <input_file id="fl-f">
         <path>.\yssources\</path>
         <kind>object</kind>
         <file>ysPORT.obj</file>
         <name>ysPORT.obj</name>
      </input_file>
      <input_file id="fl-10">
         <path>.\yssources\</path>
         <kind>object</kind>
         <file>ysECAP.obj</file>
         <name>ysECAP.obj</name>
      </input_file>
      <input_file id="fl-11">
         <path>.\yssources\</path>
         <kind>object</kind>
         <file>ysDAC.obj</file>
         <name>ysDAC.obj</name>
      </input_file>
      <input_file id="fl-12">
         <path>.\yssources\</path>
         <kind>object</kind>
         <file>ysCAN.obj</file>
         <name>ysCAN.obj</name>
      </input_file>
      <input_file id="fl-13">
         <path>.\yssources\</path>
         <kind>object</kind>
         <file>ysADC.obj</file>
         <name>ysADC.obj</name>
      </input_file>
      <input_file id="fl-14">
         <path>.\yssources\</path>
         <kind>object</kind>
         <file>main.obj</file>
         <name>main.obj</name>
      </input_file>
      <input_file id="fl-15">
         <path>.\yssources\</path>
         <kind>object</kind>
         <file>DABcontrol.obj</file>
         <name>DABcontrol.obj</name>
      </input_file>
      <input_file id="fl-25">
         <path>C:\Program Files\CCS\ccsv6\tools\compiler\c2000_6.2.5\lib\</path>
         <kind>archive</kind>
         <file>rts2800_fpu32.lib</file>
         <name>boot.obj</name>
      </input_file>
      <input_file id="fl-26">
         <path>C:\Program Files\CCS\ccsv6\tools\compiler\c2000_6.2.5\lib\</path>
         <kind>archive</kind>
         <file>rts2800_fpu32.lib</file>
         <name>exit.obj</name>
      </input_file>
      <input_file id="fl-27">
         <path>C:\Program Files\CCS\ccsv6\tools\compiler\c2000_6.2.5\lib\</path>
         <kind>archive</kind>
         <file>rts2800_fpu32.lib</file>
         <name>fs_div.obj</name>
      </input_file>
      <input_file id="fl-28">
         <path>C:\Program Files\CCS\ccsv6\tools\compiler\c2000_6.2.5\lib\</path>
         <kind>archive</kind>
         <file>rts2800_fpu32.lib</file>
         <name>_lock.obj</name>
      </input_file>
      <input_file id="fl-29">
         <path>C:\Program Files\CCS\ccsv6\tools\compiler\c2000_6.2.5\lib\</path>
         <kind>archive</kind>
         <file>rts2800_fpu32.lib</file>
         <name>args_main.obj</name>
      </input_file>
   </input_file_list>
   <object_component_list>
      <object_component id="oc-8d">
         <name>PieVectTableFile</name>
         <uninitialized>true</uninitialized>
         <run_address>0xd00</run_address>
         <size>0x100</size>
         <input_file_ref idref="fl-7"/>
      </object_component>
      <object_component id="oc-89">
         <name>DevEmuRegsFile</name>
         <uninitialized>true</uninitialized>
         <run_address>0x880</run_address>
         <size>0xd0</size>
         <input_file_ref idref="fl-7"/>
      </object_component>
      <object_component id="oc-5f">
         <name>FlashRegsFile</name>
         <uninitialized>true</uninitialized>
         <run_address>0xa80</run_address>
         <size>0x8</size>
         <input_file_ref idref="fl-7"/>
      </object_component>
      <object_component id="oc-69">
         <name>CsmRegsFile</name>
         <uninitialized>true</uninitialized>
         <run_address>0xae0</run_address>
         <size>0x10</size>
         <input_file_ref idref="fl-7"/>
      </object_component>
      <object_component id="oc-68">
         <name>AdcMirrorFile</name>
         <uninitialized>true</uninitialized>
         <run_address>0xb00</run_address>
         <size>0x10</size>
         <input_file_ref idref="fl-7"/>
      </object_component>
      <object_component id="oc-6c">
         <name>XintfRegsFile</name>
         <uninitialized>true</uninitialized>
         <run_address>0xb20</run_address>
         <size>0x1e</size>
         <input_file_ref idref="fl-7"/>
      </object_component>
      <object_component id="oc-60">
         <name>CpuTimer0RegsFile</name>
         <uninitialized>true</uninitialized>
         <run_address>0xc00</run_address>
         <size>0x8</size>
         <input_file_ref idref="fl-7"/>
      </object_component>
      <object_component id="oc-5e">
         <name>CpuTimer1RegsFile</name>
         <uninitialized>true</uninitialized>
         <run_address>0xc08</run_address>
         <size>0x8</size>
         <input_file_ref idref="fl-7"/>
      </object_component>
      <object_component id="oc-5d">
         <name>CpuTimer2RegsFile</name>
         <uninitialized>true</uninitialized>
         <run_address>0xc10</run_address>
         <size>0x8</size>
         <input_file_ref idref="fl-7"/>
      </object_component>
      <object_component id="oc-6a">
         <name>PieCtrlRegsFile</name>
         <uninitialized>true</uninitialized>
         <run_address>0xce0</run_address>
         <size>0x1a</size>
         <input_file_ref idref="fl-7"/>
      </object_component>
      <object_component id="oc-8a">
         <name>DmaRegsFile</name>
         <uninitialized>true</uninitialized>
         <run_address>0x1000</run_address>
         <size>0xe0</size>
         <input_file_ref idref="fl-7"/>
      </object_component>
      <object_component id="oc-7c">
         <name>McbspaRegsFile</name>
         <uninitialized>true</uninitialized>
         <run_address>0x5000</run_address>
         <size>0x25</size>
         <input_file_ref idref="fl-7"/>
      </object_component>
      <object_component id="oc-7d">
         <name>McbspbRegsFile</name>
         <uninitialized>true</uninitialized>
         <run_address>0x5040</run_address>
         <size>0x25</size>
         <input_file_ref idref="fl-7"/>
      </object_component>
      <object_component id="oc-80">
         <name>ECanaRegsFile</name>
         <uninitialized>true</uninitialized>
         <run_address>0x6000</run_address>
         <size>0x34</size>
         <input_file_ref idref="fl-7"/>
      </object_component>
      <object_component id="oc-83">
         <name>ECanaLAMRegsFile</name>
         <uninitialized>true</uninitialized>
         <run_address>0x6040</run_address>
         <size>0x40</size>
         <input_file_ref idref="fl-7"/>
      </object_component>
      <object_component id="oc-8c">
         <name>ECanaMboxesFile</name>
         <uninitialized>true</uninitialized>
         <run_address>0x6100</run_address>
         <size>0x100</size>
         <input_file_ref idref="fl-7"/>
      </object_component>
      <object_component id="oc-84">
         <name>ECanaMOTSRegsFile</name>
         <uninitialized>true</uninitialized>
         <run_address>0x6080</run_address>
         <size>0x40</size>
         <input_file_ref idref="fl-7"/>
      </object_component>
      <object_component id="oc-81">
         <name>ECanaMOTORegsFile</name>
         <uninitialized>true</uninitialized>
         <run_address>0x60c0</run_address>
         <size>0x40</size>
         <input_file_ref idref="fl-7"/>
      </object_component>
      <object_component id="oc-7f">
         <name>ECanbRegsFile</name>
         <uninitialized>true</uninitialized>
         <run_address>0x6200</run_address>
         <size>0x34</size>
         <input_file_ref idref="fl-7"/>
      </object_component>
      <object_component id="oc-87">
         <name>ECanbLAMRegsFile</name>
         <uninitialized>true</uninitialized>
         <run_address>0x6240</run_address>
         <size>0x40</size>
         <input_file_ref idref="fl-7"/>
      </object_component>
      <object_component id="oc-8b">
         <name>ECanbMboxesFile</name>
         <uninitialized>true</uninitialized>
         <run_address>0x6300</run_address>
         <size>0x100</size>
         <input_file_ref idref="fl-7"/>
      </object_component>
      <object_component id="oc-82">
         <name>ECanbMOTSRegsFile</name>
         <uninitialized>true</uninitialized>
         <run_address>0x6280</run_address>
         <size>0x40</size>
         <input_file_ref idref="fl-7"/>
      </object_component>
      <object_component id="oc-85">
         <name>ECanbMOTORegsFile</name>
         <uninitialized>true</uninitialized>
         <run_address>0x62c0</run_address>
         <size>0x40</size>
         <input_file_ref idref="fl-7"/>
      </object_component>
      <object_component id="oc-77">
         <name>EPwm1RegsFile</name>
         <uninitialized>true</uninitialized>
         <run_address>0x6800</run_address>
         <size>0x22</size>
         <input_file_ref idref="fl-7"/>
      </object_component>
      <object_component id="oc-76">
         <name>EPwm2RegsFile</name>
         <uninitialized>true</uninitialized>
         <run_address>0x6840</run_address>
         <size>0x22</size>
         <input_file_ref idref="fl-7"/>
      </object_component>
      <object_component id="oc-78">
         <name>EPwm3RegsFile</name>
         <uninitialized>true</uninitialized>
         <run_address>0x6880</run_address>
         <size>0x22</size>
         <input_file_ref idref="fl-7"/>
      </object_component>
      <object_component id="oc-7a">
         <name>EPwm4RegsFile</name>
         <uninitialized>true</uninitialized>
         <run_address>0x68c0</run_address>
         <size>0x22</size>
         <input_file_ref idref="fl-7"/>
      </object_component>
      <object_component id="oc-79">
         <name>EPwm5RegsFile</name>
         <uninitialized>true</uninitialized>
         <run_address>0x6900</run_address>
         <size>0x22</size>
         <input_file_ref idref="fl-7"/>
      </object_component>
      <object_component id="oc-7b">
         <name>EPwm6RegsFile</name>
         <uninitialized>true</uninitialized>
         <run_address>0x6940</run_address>
         <size>0x22</size>
         <input_file_ref idref="fl-7"/>
      </object_component>
      <object_component id="oc-73">
         <name>ECap1RegsFile</name>
         <uninitialized>true</uninitialized>
         <run_address>0x6a00</run_address>
         <size>0x20</size>
         <input_file_ref idref="fl-7"/>
      </object_component>
      <object_component id="oc-6f">
         <name>ECap2RegsFile</name>
         <uninitialized>true</uninitialized>
         <run_address>0x6a20</run_address>
         <size>0x20</size>
         <input_file_ref idref="fl-7"/>
      </object_component>
      <object_component id="oc-70">
         <name>ECap3RegsFile</name>
         <uninitialized>true</uninitialized>
         <run_address>0x6a40</run_address>
         <size>0x20</size>
         <input_file_ref idref="fl-7"/>
      </object_component>
      <object_component id="oc-6d">
         <name>ECap4RegsFile</name>
         <uninitialized>true</uninitialized>
         <run_address>0x6a60</run_address>
         <size>0x20</size>
         <input_file_ref idref="fl-7"/>
      </object_component>
      <object_component id="oc-6e">
         <name>ECap5RegsFile</name>
         <uninitialized>true</uninitialized>
         <run_address>0x6a80</run_address>
         <size>0x20</size>
         <input_file_ref idref="fl-7"/>
      </object_component>
      <object_component id="oc-74">
         <name>ECap6RegsFile</name>
         <uninitialized>true</uninitialized>
         <run_address>0x6aa0</run_address>
         <size>0x20</size>
         <input_file_ref idref="fl-7"/>
      </object_component>
      <object_component id="oc-88">
         <name>EQep1RegsFile</name>
         <uninitialized>true</uninitialized>
         <run_address>0x6b00</run_address>
         <size>0x40</size>
         <input_file_ref idref="fl-7"/>
      </object_component>
      <object_component id="oc-86">
         <name>EQep2RegsFile</name>
         <uninitialized>true</uninitialized>
         <run_address>0x6b40</run_address>
         <size>0x40</size>
         <input_file_ref idref="fl-7"/>
      </object_component>
      <object_component id="oc-7e">
         <name>GpioCtrlRegsFile</name>
         <uninitialized>true</uninitialized>
         <run_address>0x6f80</run_address>
         <size>0x2e</size>
         <input_file_ref idref="fl-7"/>
      </object_component>
      <object_component id="oc-71">
         <name>GpioDataRegsFile</name>
         <uninitialized>true</uninitialized>
         <run_address>0x6fc0</run_address>
         <size>0x20</size>
         <input_file_ref idref="fl-7"/>
      </object_component>
      <object_component id="oc-62">
         <name>GpioIntRegsFile</name>
         <uninitialized>true</uninitialized>
         <run_address>0x6fe0</run_address>
         <size>0xa</size>
         <input_file_ref idref="fl-7"/>
      </object_component>
      <object_component id="oc-72">
         <name>SysCtrlRegsFile</name>
         <uninitialized>true</uninitialized>
         <run_address>0x7010</run_address>
         <size>0x20</size>
         <input_file_ref idref="fl-7"/>
      </object_component>
      <object_component id="oc-65">
         <name>SpiaRegsFile</name>
         <uninitialized>true</uninitialized>
         <run_address>0x7040</run_address>
         <size>0x10</size>
         <input_file_ref idref="fl-7"/>
      </object_component>
      <object_component id="oc-66">
         <name>SciaRegsFile</name>
         <uninitialized>true</uninitialized>
         <run_address>0x7050</run_address>
         <size>0x10</size>
         <input_file_ref idref="fl-7"/>
      </object_component>
      <object_component id="oc-67">
         <name>XIntruptRegsFile</name>
         <uninitialized>true</uninitialized>
         <run_address>0x7070</run_address>
         <size>0x10</size>
         <input_file_ref idref="fl-7"/>
      </object_component>
      <object_component id="oc-6b">
         <name>AdcRegsFile</name>
         <uninitialized>true</uninitialized>
         <run_address>0x7100</run_address>
         <size>0x1e</size>
         <input_file_ref idref="fl-7"/>
      </object_component>
      <object_component id="oc-64">
         <name>ScibRegsFile</name>
         <uninitialized>true</uninitialized>
         <run_address>0x7750</run_address>
         <size>0x10</size>
         <input_file_ref idref="fl-7"/>
      </object_component>
      <object_component id="oc-63">
         <name>ScicRegsFile</name>
         <uninitialized>true</uninitialized>
         <run_address>0x7770</run_address>
         <size>0x10</size>
         <input_file_ref idref="fl-7"/>
      </object_component>
      <object_component id="oc-75">
         <name>I2caRegsFile</name>
         <uninitialized>true</uninitialized>
         <run_address>0x7900</run_address>
         <size>0x22</size>
         <input_file_ref idref="fl-7"/>
      </object_component>
      <object_component id="oc-61">
         <name>CsmPwlFile</name>
         <uninitialized>true</uninitialized>
         <run_address>0x33fff8</run_address>
         <size>0x8</size>
         <input_file_ref idref="fl-7"/>
      </object_component>
      <object_component id="oc-9a">
         <name>codestart</name>
         <load_address>0x0</load_address>
         <run_address>0x0</run_address>
         <size>0x2</size>
         <input_file_ref idref="fl-a"/>
      </object_component>
      <object_component id="oc-47">
         <name>ramfuncs</name>
         <load_address>0x91c0</load_address>
         <run_address>0x91c0</run_address>
         <size>0x4</size>
         <input_file_ref idref="fl-2"/>
      </object_component>
      <object_component id="oc-c9">
         <name>.text:retain</name>
         <load_address>0x8000</load_address>
         <run_address>0x8000</run_address>
         <size>0x417</size>
         <input_file_ref idref="fl-14"/>
      </object_component>
      <object_component id="oc-90">
         <name>.text:retain</name>
         <load_address>0x8417</load_address>
         <run_address>0x8417</run_address>
         <size>0x323</size>
         <input_file_ref idref="fl-8"/>
      </object_component>
      <object_component id="oc-ef">
         <name>.text</name>
         <load_address>0x873a</load_address>
         <run_address>0x873a</run_address>
         <size>0x19a</size>
         <input_file_ref idref="fl-15"/>
      </object_component>
      <object_component id="oc-f8">
         <name>.text</name>
         <load_address>0x88d4</load_address>
         <run_address>0x88d4</run_address>
         <size>0x167</size>
         <input_file_ref idref="fl-e"/>
      </object_component>
      <object_component id="oc-f4">
         <name>.text</name>
         <load_address>0x8a3b</load_address>
         <run_address>0x8a3b</run_address>
         <size>0xf7</size>
         <input_file_ref idref="fl-4"/>
      </object_component>
      <object_component id="oc-f7">
         <name>.text</name>
         <load_address>0x8b32</load_address>
         <run_address>0x8b32</run_address>
         <size>0xf0</size>
         <input_file_ref idref="fl-f"/>
      </object_component>
      <object_component id="oc-ee">
         <name>.text</name>
         <load_address>0x8c22</load_address>
         <run_address>0x8c22</run_address>
         <size>0xed</size>
         <input_file_ref idref="fl-13"/>
      </object_component>
      <object_component id="oc-f1">
         <name>.text</name>
         <load_address>0x8d0f</load_address>
         <run_address>0x8d0f</run_address>
         <size>0x96</size>
         <input_file_ref idref="fl-d"/>
      </object_component>
      <object_component id="oc-de">
         <name>.text</name>
         <load_address>0x8da5</load_address>
         <run_address>0x8da5</run_address>
         <size>0x88</size>
         <input_file_ref idref="fl-27"/>
      </object_component>
      <object_component id="oc-fa">
         <name>.text</name>
         <load_address>0x8e2d</load_address>
         <run_address>0x8e2d</run_address>
         <size>0x7c</size>
         <input_file_ref idref="fl-9"/>
      </object_component>
      <object_component id="oc-f9">
         <name>.text</name>
         <load_address>0x8ea9</load_address>
         <run_address>0x8ea9</run_address>
         <size>0x77</size>
         <input_file_ref idref="fl-10"/>
      </object_component>
      <object_component id="oc-f0">
         <name>.text</name>
         <load_address>0x8f20</load_address>
         <run_address>0x8f20</run_address>
         <size>0x69</size>
         <input_file_ref idref="fl-11"/>
      </object_component>
      <object_component id="oc-f3">
         <name>.text</name>
         <load_address>0x8f89</load_address>
         <run_address>0x8f89</run_address>
         <size>0x48</size>
         <input_file_ref idref="fl-14"/>
      </object_component>
      <object_component id="oc-46">
         <name>.text</name>
         <load_address>0x8fd1</load_address>
         <run_address>0x8fd1</run_address>
         <size>0x46</size>
         <input_file_ref idref="fl-25"/>
      </object_component>
      <object_component id="oc-f5">
         <name>.text</name>
         <load_address>0x9017</load_address>
         <run_address>0x9017</run_address>
         <size>0x28</size>
         <input_file_ref idref="fl-6"/>
      </object_component>
      <object_component id="oc-f6">
         <name>.text</name>
         <load_address>0x903f</load_address>
         <run_address>0x903f</run_address>
         <size>0x20</size>
         <input_file_ref idref="fl-5"/>
      </object_component>
      <object_component id="oc-ec">
         <name>.text</name>
         <load_address>0x905f</load_address>
         <run_address>0x905f</run_address>
         <size>0x19</size>
         <input_file_ref idref="fl-29"/>
      </object_component>
      <object_component id="oc-ed">
         <name>.text</name>
         <load_address>0x9078</load_address>
         <run_address>0x9078</run_address>
         <size>0x19</size>
         <input_file_ref idref="fl-26"/>
      </object_component>
      <object_component id="oc-f2">
         <name>.text</name>
         <load_address>0x9091</load_address>
         <run_address>0x9091</run_address>
         <size>0x9</size>
         <input_file_ref idref="fl-28"/>
      </object_component>
      <object_component id="oc-99">
         <name>.text</name>
         <load_address>0x909a</load_address>
         <run_address>0x909a</run_address>
         <size>0x8</size>
         <input_file_ref idref="fl-a"/>
      </object_component>
      <object_component id="oc-ce">
         <name>.cinit</name>
         <load_address>0x90a2</load_address>
         <run_address>0x90a2</run_address>
         <size>0xd7</size>
         <input_file_ref idref="fl-15"/>
      </object_component>
      <object_component id="oc-c7">
         <name>.cinit</name>
         <load_address>0x9179</load_address>
         <run_address>0x9179</run_address>
         <size>0x29</size>
         <input_file_ref idref="fl-14"/>
      </object_component>
      <object_component id="oc-e3">
         <name>.cinit</name>
         <load_address>0x91a2</load_address>
         <run_address>0x91a2</run_address>
         <size>0xa</size>
         <input_file_ref idref="fl-28"/>
      </object_component>
      <object_component id="oc-d9">
         <name>.cinit</name>
         <load_address>0x91ac</load_address>
         <run_address>0x91ac</run_address>
         <size>0xa</size>
         <input_file_ref idref="fl-26"/>
      </object_component>
      <object_component id="oc-c1">
         <name>.cinit</name>
         <load_address>0x91b6</load_address>
         <run_address>0x91b6</run_address>
         <size>0x4</size>
         <input_file_ref idref="fl-13"/>
      </object_component>
      <object_component id="oc-ab">
         <name>.cinit</name>
         <load_address>0x91ba</load_address>
         <run_address>0x91ba</run_address>
         <size>0x4</size>
         <input_file_ref idref="fl-e"/>
      </object_component>
      <object_component id="oc-d3">
         <name>.stack</name>
         <uninitialized>true</uninitialized>
         <run_address>0x400</run_address>
         <size>0x0</size>
         <input_file_ref idref="fl-25"/>
      </object_component>
      <object_component id="oc-148">
         <name>.stack</name>
         <uninitialized>true</uninitialized>
         <run_address>0x400</run_address>
         <size>0x0</size>
      </object_component>
      <object_component id="oc-95">
         <name>.ebss</name>
         <uninitialized>true</uninitialized>
         <run_address>0xc156</run_address>
         <size>0x18</size>
         <input_file_ref idref="fl-9"/>
      </object_component>
      <object_component id="oc-ac">
         <name>.ebss</name>
         <uninitialized>true</uninitialized>
         <run_address>0xc177</run_address>
         <size>0x1</size>
         <input_file_ref idref="fl-e"/>
      </object_component>
      <object_component id="oc-c2">
         <name>.ebss</name>
         <uninitialized>true</uninitialized>
         <run_address>0xc176</run_address>
         <size>0x1</size>
         <input_file_ref idref="fl-13"/>
      </object_component>
      <object_component id="oc-c8">
         <name>.ebss</name>
         <uninitialized>true</uninitialized>
         <run_address>0xc180</run_address>
         <size>0x16</size>
         <input_file_ref idref="fl-14"/>
      </object_component>
      <object_component id="oc-cf">
         <name>.ebss</name>
         <uninitialized>true</uninitialized>
         <run_address>0xc100</run_address>
         <size>0x56</size>
         <input_file_ref idref="fl-15"/>
      </object_component>
      <object_component id="oc-da">
         <name>.ebss</name>
         <uninitialized>true</uninitialized>
         <run_address>0xc172</run_address>
         <size>0x4</size>
         <input_file_ref idref="fl-26"/>
      </object_component>
      <object_component id="oc-e4">
         <name>.ebss</name>
         <uninitialized>true</uninitialized>
         <run_address>0xc16e</run_address>
         <size>0x4</size>
         <input_file_ref idref="fl-28"/>
      </object_component>
      <object_component id="oc-54">
         <name>.econst</name>
         <load_address>0xc000</load_address>
         <run_address>0xc000</run_address>
         <size>0x100</size>
         <input_file_ref idref="fl-5"/>
      </object_component>
      <object_component id="oc-d4">
         <name>.reset</name>
         <load_address>0x3fffc0</load_address>
         <run_address>0x3fffc0</run_address>
         <size>0x2</size>
         <input_file_ref idref="fl-25"/>
      </object_component>
      <object_component id="oc-9e">
         <name>.adc_cal</name>
         <load_address>0x380080</load_address>
         <run_address>0x380080</run_address>
         <size>0x7</size>
         <input_file_ref idref="fl-b"/>
      </object_component>
      <object_component id="oc-48">
         <name>.debug_info</name>
         <load_address>0x0</load_address>
         <run_address>0x0</run_address>
         <size>0xec</size>
         <input_file_ref idref="fl-2"/>
      </object_component>
      <object_component id="oc-4b">
         <name>.debug_info</name>
         <load_address>0xec</load_address>
         <run_address>0xec</run_address>
         <size>0x207b</size>
         <input_file_ref idref="fl-3"/>
      </object_component>
      <object_component id="oc-4f">
         <name>.debug_info</name>
         <load_address>0x2167</load_address>
         <run_address>0x2167</run_address>
         <size>0x1eca</size>
         <input_file_ref idref="fl-4"/>
      </object_component>
      <object_component id="oc-53">
         <name>.debug_info</name>
         <load_address>0x4031</load_address>
         <run_address>0x4031</run_address>
         <size>0x229b</size>
         <input_file_ref idref="fl-5"/>
      </object_component>
      <object_component id="oc-58">
         <name>.debug_info</name>
         <load_address>0x62cc</load_address>
         <run_address>0x62cc</run_address>
         <size>0xb37</size>
         <input_file_ref idref="fl-6"/>
      </object_component>
      <object_component id="oc-5c">
         <name>.debug_info</name>
         <load_address>0x6e03</load_address>
         <run_address>0x6e03</run_address>
         <size>0x12d93</size>
         <input_file_ref idref="fl-7"/>
      </object_component>
      <object_component id="oc-8f">
         <name>.debug_info</name>
         <load_address>0x19b96</load_address>
         <run_address>0x19b96</run_address>
         <size>0x24ca</size>
         <input_file_ref idref="fl-8"/>
      </object_component>
      <object_component id="oc-94">
         <name>.debug_info</name>
         <load_address>0x1c060</load_address>
         <run_address>0x1c060</run_address>
         <size>0x983</size>
         <input_file_ref idref="fl-9"/>
      </object_component>
      <object_component id="oc-9b">
         <name>.debug_info</name>
         <load_address>0x1c9e3</load_address>
         <run_address>0x1c9e3</run_address>
         <size>0x130</size>
         <input_file_ref idref="fl-a"/>
      </object_component>
      <object_component id="oc-9f">
         <name>.debug_info</name>
         <load_address>0x1cb13</load_address>
         <run_address>0x1cb13</run_address>
         <size>0xec</size>
         <input_file_ref idref="fl-b"/>
      </object_component>
      <object_component id="oc-a2">
         <name>.debug_info</name>
         <load_address>0x1cbff</load_address>
         <run_address>0x1cbff</run_address>
         <size>0xb57</size>
         <input_file_ref idref="fl-c"/>
      </object_component>
      <object_component id="oc-a6">
         <name>.debug_info</name>
         <load_address>0x1d756</load_address>
         <run_address>0x1d756</run_address>
         <size>0x110e</size>
         <input_file_ref idref="fl-d"/>
      </object_component>
      <object_component id="oc-aa">
         <name>.debug_info</name>
         <load_address>0x1e864</load_address>
         <run_address>0x1e864</run_address>
         <size>0x17fc</size>
         <input_file_ref idref="fl-e"/>
      </object_component>
      <object_component id="oc-b0">
         <name>.debug_info</name>
         <load_address>0x20060</load_address>
         <run_address>0x20060</run_address>
         <size>0x1d20</size>
         <input_file_ref idref="fl-f"/>
      </object_component>
      <object_component id="oc-b4">
         <name>.debug_info</name>
         <load_address>0x21d80</load_address>
         <run_address>0x21d80</run_address>
         <size>0xac6</size>
         <input_file_ref idref="fl-10"/>
      </object_component>
      <object_component id="oc-b8">
         <name>.debug_info</name>
         <load_address>0x22846</load_address>
         <run_address>0x22846</run_address>
         <size>0x436</size>
         <input_file_ref idref="fl-11"/>
      </object_component>
      <object_component id="oc-bc">
         <name>.debug_info</name>
         <load_address>0x22c7c</load_address>
         <run_address>0x22c7c</run_address>
         <size>0x5c34</size>
         <input_file_ref idref="fl-12"/>
      </object_component>
      <object_component id="oc-c0">
         <name>.debug_info</name>
         <load_address>0x288b0</load_address>
         <run_address>0x288b0</run_address>
         <size>0x119c</size>
         <input_file_ref idref="fl-13"/>
      </object_component>
      <object_component id="oc-c6">
         <name>.debug_info</name>
         <load_address>0x29a4c</load_address>
         <run_address>0x29a4c</run_address>
         <size>0x44ea</size>
         <input_file_ref idref="fl-14"/>
      </object_component>
      <object_component id="oc-cd">
         <name>.debug_info</name>
         <load_address>0x2df36</load_address>
         <run_address>0x2df36</run_address>
         <size>0xd34</size>
         <input_file_ref idref="fl-15"/>
      </object_component>
      <object_component id="oc-d5">
         <name>.debug_info</name>
         <load_address>0x2ec6a</load_address>
         <run_address>0x2ec6a</run_address>
         <size>0xde</size>
         <input_file_ref idref="fl-25"/>
      </object_component>
      <object_component id="oc-d8">
         <name>.debug_info</name>
         <load_address>0x2ed48</load_address>
         <run_address>0x2ed48</run_address>
         <size>0x488</size>
         <input_file_ref idref="fl-26"/>
      </object_component>
      <object_component id="oc-df">
         <name>.debug_info</name>
         <load_address>0x2f1d0</load_address>
         <run_address>0x2f1d0</run_address>
         <size>0xc0</size>
         <input_file_ref idref="fl-27"/>
      </object_component>
      <object_component id="oc-e2">
         <name>.debug_info</name>
         <load_address>0x2f290</load_address>
         <run_address>0x2f290</run_address>
         <size>0x4ae</size>
         <input_file_ref idref="fl-28"/>
      </object_component>
      <object_component id="oc-e8">
         <name>.debug_info</name>
         <load_address>0x2f73e</load_address>
         <run_address>0x2f73e</run_address>
         <size>0x46f</size>
         <input_file_ref idref="fl-29"/>
      </object_component>
      <object_component id="oc-149">
         <name>.debug_info</name>
         <load_address>0x2fbad</load_address>
         <run_address>0x2fbad</run_address>
         <size>0x6f</size>
      </object_component>
      <object_component id="oc-49">
         <name>.debug_line</name>
         <load_address>0x0</load_address>
         <run_address>0x0</run_address>
         <size>0x4c</size>
         <input_file_ref idref="fl-2"/>
      </object_component>
      <object_component id="oc-4d">
         <name>.debug_line</name>
         <load_address>0x4c</load_address>
         <run_address>0x4c</run_address>
         <size>0x38</size>
         <input_file_ref idref="fl-3"/>
      </object_component>
      <object_component id="oc-51">
         <name>.debug_line</name>
         <load_address>0x84</load_address>
         <run_address>0x84</run_address>
         <size>0x149</size>
         <input_file_ref idref="fl-4"/>
      </object_component>
      <object_component id="oc-56">
         <name>.debug_line</name>
         <load_address>0x1cd</load_address>
         <run_address>0x1cd</run_address>
         <size>0x6c</size>
         <input_file_ref idref="fl-5"/>
      </object_component>
      <object_component id="oc-5a">
         <name>.debug_line</name>
         <load_address>0x239</load_address>
         <run_address>0x239</run_address>
         <size>0x8a</size>
         <input_file_ref idref="fl-6"/>
      </object_component>
      <object_component id="oc-92">
         <name>.debug_line</name>
         <load_address>0x2c3</load_address>
         <run_address>0x2c3</run_address>
         <size>0x766</size>
         <input_file_ref idref="fl-8"/>
      </object_component>
      <object_component id="oc-97">
         <name>.debug_line</name>
         <load_address>0xa29</load_address>
         <run_address>0xa29</run_address>
         <size>0x8c</size>
         <input_file_ref idref="fl-9"/>
      </object_component>
      <object_component id="oc-9c">
         <name>.debug_line</name>
         <load_address>0xab5</load_address>
         <run_address>0xab5</run_address>
         <size>0x65</size>
         <input_file_ref idref="fl-a"/>
      </object_component>
      <object_component id="oc-a0">
         <name>.debug_line</name>
         <load_address>0xb1a</load_address>
         <run_address>0xb1a</run_address>
         <size>0x4d</size>
         <input_file_ref idref="fl-b"/>
      </object_component>
      <object_component id="oc-a4">
         <name>.debug_line</name>
         <load_address>0xb67</load_address>
         <run_address>0xb67</run_address>
         <size>0x32</size>
         <input_file_ref idref="fl-c"/>
      </object_component>
      <object_component id="oc-a8">
         <name>.debug_line</name>
         <load_address>0xb99</load_address>
         <run_address>0xb99</run_address>
         <size>0x11f</size>
         <input_file_ref idref="fl-d"/>
      </object_component>
      <object_component id="oc-ae">
         <name>.debug_line</name>
         <load_address>0xcb8</load_address>
         <run_address>0xcb8</run_address>
         <size>0xd0</size>
         <input_file_ref idref="fl-e"/>
      </object_component>
      <object_component id="oc-b2">
         <name>.debug_line</name>
         <load_address>0xd88</load_address>
         <run_address>0xd88</run_address>
         <size>0xaa</size>
         <input_file_ref idref="fl-f"/>
      </object_component>
      <object_component id="oc-b6">
         <name>.debug_line</name>
         <load_address>0xe32</load_address>
         <run_address>0xe32</run_address>
         <size>0x62</size>
         <input_file_ref idref="fl-10"/>
      </object_component>
      <object_component id="oc-ba">
         <name>.debug_line</name>
         <load_address>0xe94</load_address>
         <run_address>0xe94</run_address>
         <size>0x61</size>
         <input_file_ref idref="fl-11"/>
      </object_component>
      <object_component id="oc-be">
         <name>.debug_line</name>
         <load_address>0xef5</load_address>
         <run_address>0xef5</run_address>
         <size>0x32</size>
         <input_file_ref idref="fl-12"/>
      </object_component>
      <object_component id="oc-c4">
         <name>.debug_line</name>
         <load_address>0xf27</load_address>
         <run_address>0xf27</run_address>
         <size>0xfe</size>
         <input_file_ref idref="fl-13"/>
      </object_component>
      <object_component id="oc-cb">
         <name>.debug_line</name>
         <load_address>0x1025</load_address>
         <run_address>0x1025</run_address>
         <size>0x25c</size>
         <input_file_ref idref="fl-14"/>
      </object_component>
      <object_component id="oc-d1">
         <name>.debug_line</name>
         <load_address>0x1281</load_address>
         <run_address>0x1281</run_address>
         <size>0x144</size>
         <input_file_ref idref="fl-15"/>
      </object_component>
      <object_component id="oc-d6">
         <name>.debug_line</name>
         <load_address>0x13c5</load_address>
         <run_address>0x13c5</run_address>
         <size>0x71</size>
         <input_file_ref idref="fl-25"/>
      </object_component>
      <object_component id="oc-dc">
         <name>.debug_line</name>
         <load_address>0x1436</load_address>
         <run_address>0x1436</run_address>
         <size>0x62</size>
         <input_file_ref idref="fl-26"/>
      </object_component>
      <object_component id="oc-e0">
         <name>.debug_line</name>
         <load_address>0x1498</load_address>
         <run_address>0x1498</run_address>
         <size>0xaa</size>
         <input_file_ref idref="fl-27"/>
      </object_component>
      <object_component id="oc-e6">
         <name>.debug_line</name>
         <load_address>0x1542</load_address>
         <run_address>0x1542</run_address>
         <size>0x5b</size>
         <input_file_ref idref="fl-28"/>
      </object_component>
      <object_component id="oc-ea">
         <name>.debug_line</name>
         <load_address>0x159d</load_address>
         <run_address>0x159d</run_address>
         <size>0x50</size>
         <input_file_ref idref="fl-29"/>
      </object_component>
      <object_component id="oc-4a">
         <name>.debug_abbrev</name>
         <load_address>0x0</load_address>
         <run_address>0x0</run_address>
         <size>0x2c</size>
         <input_file_ref idref="fl-2"/>
      </object_component>
      <object_component id="oc-4e">
         <name>.debug_abbrev</name>
         <load_address>0x2c</load_address>
         <run_address>0x2c</run_address>
         <size>0xdb</size>
         <input_file_ref idref="fl-3"/>
      </object_component>
      <object_component id="oc-52">
         <name>.debug_abbrev</name>
         <load_address>0x107</load_address>
         <run_address>0x107</run_address>
         <size>0x166</size>
         <input_file_ref idref="fl-4"/>
      </object_component>
      <object_component id="oc-57">
         <name>.debug_abbrev</name>
         <load_address>0x26d</load_address>
         <run_address>0x26d</run_address>
         <size>0x107</size>
         <input_file_ref idref="fl-5"/>
      </object_component>
      <object_component id="oc-5b">
         <name>.debug_abbrev</name>
         <load_address>0x374</load_address>
         <run_address>0x374</run_address>
         <size>0xbb</size>
         <input_file_ref idref="fl-6"/>
      </object_component>
      <object_component id="oc-8e">
         <name>.debug_abbrev</name>
         <load_address>0x42f</load_address>
         <run_address>0x42f</run_address>
         <size>0xb3</size>
         <input_file_ref idref="fl-7"/>
      </object_component>
      <object_component id="oc-93">
         <name>.debug_abbrev</name>
         <load_address>0x4e2</load_address>
         <run_address>0x4e2</run_address>
         <size>0xd5</size>
         <input_file_ref idref="fl-8"/>
      </object_component>
      <object_component id="oc-98">
         <name>.debug_abbrev</name>
         <load_address>0x5b7</load_address>
         <run_address>0x5b7</run_address>
         <size>0xf0</size>
         <input_file_ref idref="fl-9"/>
      </object_component>
      <object_component id="oc-9d">
         <name>.debug_abbrev</name>
         <load_address>0x6a7</load_address>
         <run_address>0x6a7</run_address>
         <size>0x20</size>
         <input_file_ref idref="fl-a"/>
      </object_component>
      <object_component id="oc-a1">
         <name>.debug_abbrev</name>
         <load_address>0x6c7</load_address>
         <run_address>0x6c7</run_address>
         <size>0x2c</size>
         <input_file_ref idref="fl-b"/>
      </object_component>
      <object_component id="oc-a5">
         <name>.debug_abbrev</name>
         <load_address>0x6f3</load_address>
         <run_address>0x6f3</run_address>
         <size>0xe9</size>
         <input_file_ref idref="fl-c"/>
      </object_component>
      <object_component id="oc-a9">
         <name>.debug_abbrev</name>
         <load_address>0x7dc</load_address>
         <run_address>0x7dc</run_address>
         <size>0x115</size>
         <input_file_ref idref="fl-d"/>
      </object_component>
      <object_component id="oc-af">
         <name>.debug_abbrev</name>
         <load_address>0x8f1</load_address>
         <run_address>0x8f1</run_address>
         <size>0xcb</size>
         <input_file_ref idref="fl-e"/>
      </object_component>
      <object_component id="oc-b3">
         <name>.debug_abbrev</name>
         <load_address>0x9bc</load_address>
         <run_address>0x9bc</run_address>
         <size>0xcd</size>
         <input_file_ref idref="fl-f"/>
      </object_component>
      <object_component id="oc-b7">
         <name>.debug_abbrev</name>
         <load_address>0xa89</load_address>
         <run_address>0xa89</run_address>
         <size>0xcd</size>
         <input_file_ref idref="fl-10"/>
      </object_component>
      <object_component id="oc-bb">
         <name>.debug_abbrev</name>
         <load_address>0xb56</load_address>
         <run_address>0xb56</run_address>
         <size>0x8f</size>
         <input_file_ref idref="fl-11"/>
      </object_component>
      <object_component id="oc-bf">
         <name>.debug_abbrev</name>
         <load_address>0xbe5</load_address>
         <run_address>0xbe5</run_address>
         <size>0xfb</size>
         <input_file_ref idref="fl-12"/>
      </object_component>
      <object_component id="oc-c5">
         <name>.debug_abbrev</name>
         <load_address>0xce0</load_address>
         <run_address>0xce0</run_address>
         <size>0x125</size>
         <input_file_ref idref="fl-13"/>
      </object_component>
      <object_component id="oc-cc">
         <name>.debug_abbrev</name>
         <load_address>0xe05</load_address>
         <run_address>0xe05</run_address>
         <size>0x16d</size>
         <input_file_ref idref="fl-14"/>
      </object_component>
      <object_component id="oc-d2">
         <name>.debug_abbrev</name>
         <load_address>0xf72</load_address>
         <run_address>0xf72</run_address>
         <size>0x9f</size>
         <input_file_ref idref="fl-15"/>
      </object_component>
      <object_component id="oc-d7">
         <name>.debug_abbrev</name>
         <load_address>0x1011</load_address>
         <run_address>0x1011</run_address>
         <size>0x43</size>
         <input_file_ref idref="fl-25"/>
      </object_component>
      <object_component id="oc-dd">
         <name>.debug_abbrev</name>
         <load_address>0x1054</load_address>
         <run_address>0x1054</run_address>
         <size>0x10c</size>
         <input_file_ref idref="fl-26"/>
      </object_component>
      <object_component id="oc-e1">
         <name>.debug_abbrev</name>
         <load_address>0x1160</load_address>
         <run_address>0x1160</run_address>
         <size>0x35</size>
         <input_file_ref idref="fl-27"/>
      </object_component>
      <object_component id="oc-e7">
         <name>.debug_abbrev</name>
         <load_address>0x1195</load_address>
         <run_address>0x1195</run_address>
         <size>0xa9</size>
         <input_file_ref idref="fl-28"/>
      </object_component>
      <object_component id="oc-eb">
         <name>.debug_abbrev</name>
         <load_address>0x123e</load_address>
         <run_address>0x123e</run_address>
         <size>0xed</size>
         <input_file_ref idref="fl-29"/>
      </object_component>
      <object_component id="oc-14a">
         <name>.debug_abbrev</name>
         <load_address>0x132b</load_address>
         <run_address>0x132b</run_address>
         <size>0xd</size>
      </object_component>
      <object_component id="oc-4c">
         <name>.debug_frame</name>
         <load_address>0x0</load_address>
         <run_address>0x0</run_address>
         <size>0x8e</size>
         <input_file_ref idref="fl-3"/>
      </object_component>
      <object_component id="oc-50">
         <name>.debug_frame</name>
         <load_address>0x8e</load_address>
         <run_address>0x8e</run_address>
         <size>0x12c</size>
         <input_file_ref idref="fl-4"/>
      </object_component>
      <object_component id="oc-55">
         <name>.debug_frame</name>
         <load_address>0x1ba</load_address>
         <run_address>0x1ba</run_address>
         <size>0xac</size>
         <input_file_ref idref="fl-5"/>
      </object_component>
      <object_component id="oc-59">
         <name>.debug_frame</name>
         <load_address>0x266</load_address>
         <run_address>0x266</run_address>
         <size>0xbe</size>
         <input_file_ref idref="fl-6"/>
      </object_component>
      <object_component id="oc-91">
         <name>.debug_frame</name>
         <load_address>0x324</load_address>
         <run_address>0x324</run_address>
         <size>0xd1a</size>
         <input_file_ref idref="fl-8"/>
      </object_component>
      <object_component id="oc-96">
         <name>.debug_frame</name>
         <load_address>0x103e</load_address>
         <run_address>0x103e</run_address>
         <size>0xc5</size>
         <input_file_ref idref="fl-9"/>
      </object_component>
      <object_component id="oc-a3">
         <name>.debug_frame</name>
         <load_address>0x1103</load_address>
         <run_address>0x1103</run_address>
         <size>0x8e</size>
         <input_file_ref idref="fl-c"/>
      </object_component>
      <object_component id="oc-a7">
         <name>.debug_frame</name>
         <load_address>0x1191</load_address>
         <run_address>0x1191</run_address>
         <size>0x15b</size>
         <input_file_ref idref="fl-d"/>
      </object_component>
      <object_component id="oc-ad">
         <name>.debug_frame</name>
         <load_address>0x12ec</load_address>
         <run_address>0x12ec</run_address>
         <size>0xa7</size>
         <input_file_ref idref="fl-e"/>
      </object_component>
      <object_component id="oc-b1">
         <name>.debug_frame</name>
         <load_address>0x1393</load_address>
         <run_address>0x1393</run_address>
         <size>0xa7</size>
         <input_file_ref idref="fl-f"/>
      </object_component>
      <object_component id="oc-b5">
         <name>.debug_frame</name>
         <load_address>0x143a</load_address>
         <run_address>0x143a</run_address>
         <size>0xa6</size>
         <input_file_ref idref="fl-10"/>
      </object_component>
      <object_component id="oc-b9">
         <name>.debug_frame</name>
         <load_address>0x14e0</load_address>
         <run_address>0x14e0</run_address>
         <size>0xad</size>
         <input_file_ref idref="fl-11"/>
      </object_component>
      <object_component id="oc-bd">
         <name>.debug_frame</name>
         <load_address>0x158d</load_address>
         <run_address>0x158d</run_address>
         <size>0x8e</size>
         <input_file_ref idref="fl-12"/>
      </object_component>
      <object_component id="oc-c3">
         <name>.debug_frame</name>
         <load_address>0x161b</load_address>
         <run_address>0x161b</run_address>
         <size>0xe4</size>
         <input_file_ref idref="fl-13"/>
      </object_component>
      <object_component id="oc-ca">
         <name>.debug_frame</name>
         <load_address>0x16ff</load_address>
         <run_address>0x16ff</run_address>
         <size>0x1a9</size>
         <input_file_ref idref="fl-14"/>
      </object_component>
      <object_component id="oc-d0">
         <name>.debug_frame</name>
         <load_address>0x18a8</load_address>
         <run_address>0x18a8</run_address>
         <size>0x130</size>
         <input_file_ref idref="fl-15"/>
      </object_component>
      <object_component id="oc-db">
         <name>.debug_frame</name>
         <load_address>0x19d8</load_address>
         <run_address>0x19d8</run_address>
         <size>0xc7</size>
         <input_file_ref idref="fl-26"/>
      </object_component>
      <object_component id="oc-e5">
         <name>.debug_frame</name>
         <load_address>0x1a9f</load_address>
         <run_address>0x1a9f</run_address>
         <size>0xd6</size>
         <input_file_ref idref="fl-28"/>
      </object_component>
      <object_component id="oc-e9">
         <name>.debug_frame</name>
         <load_address>0x1b75</load_address>
         <run_address>0x1b75</run_address>
         <size>0xa6</size>
         <input_file_ref idref="fl-29"/>
      </object_component>
   </object_component_list>
   <logical_group_list>
      <logical_group id="lg-2" display="no" color="cyan">
         <name>PieVectTableFile</name>
         <run_address>0xd00</run_address>
         <size>0x100</size>
         <contents>
            <object_component_ref idref="oc-8d"/>
         </contents>
      </logical_group>
      <logical_group id="lg-3" display="no" color="cyan">
         <name>DevEmuRegsFile</name>
         <run_address>0x880</run_address>
         <size>0xd0</size>
         <contents>
            <object_component_ref idref="oc-89"/>
         </contents>
      </logical_group>
      <logical_group id="lg-4" display="no" color="cyan">
         <name>FlashRegsFile</name>
         <run_address>0xa80</run_address>
         <size>0x8</size>
         <contents>
            <object_component_ref idref="oc-5f"/>
         </contents>
      </logical_group>
      <logical_group id="lg-5" display="no" color="cyan">
         <name>CsmRegsFile</name>
         <run_address>0xae0</run_address>
         <size>0x10</size>
         <contents>
            <object_component_ref idref="oc-69"/>
         </contents>
      </logical_group>
      <logical_group id="lg-6" display="no" color="cyan">
         <name>AdcMirrorFile</name>
         <run_address>0xb00</run_address>
         <size>0x10</size>
         <contents>
            <object_component_ref idref="oc-68"/>
         </contents>
      </logical_group>
      <logical_group id="lg-7" display="no" color="cyan">
         <name>XintfRegsFile</name>
         <run_address>0xb20</run_address>
         <size>0x1e</size>
         <contents>
            <object_component_ref idref="oc-6c"/>
         </contents>
      </logical_group>
      <logical_group id="lg-8" display="no" color="cyan">
         <name>CpuTimer0RegsFile</name>
         <run_address>0xc00</run_address>
         <size>0x8</size>
         <contents>
            <object_component_ref idref="oc-60"/>
         </contents>
      </logical_group>
      <logical_group id="lg-9" display="no" color="cyan">
         <name>CpuTimer1RegsFile</name>
         <run_address>0xc08</run_address>
         <size>0x8</size>
         <contents>
            <object_component_ref idref="oc-5e"/>
         </contents>
      </logical_group>
      <logical_group id="lg-a" display="no" color="cyan">
         <name>CpuTimer2RegsFile</name>
         <run_address>0xc10</run_address>
         <size>0x8</size>
         <contents>
            <object_component_ref idref="oc-5d"/>
         </contents>
      </logical_group>
      <logical_group id="lg-b" display="no" color="cyan">
         <name>PieCtrlRegsFile</name>
         <run_address>0xce0</run_address>
         <size>0x1a</size>
         <contents>
            <object_component_ref idref="oc-6a"/>
         </contents>
      </logical_group>
      <logical_group id="lg-c" display="no" color="cyan">
         <name>DmaRegsFile</name>
         <run_address>0x1000</run_address>
         <size>0xe0</size>
         <contents>
            <object_component_ref idref="oc-8a"/>
         </contents>
      </logical_group>
      <logical_group id="lg-d" display="no" color="cyan">
         <name>McbspaRegsFile</name>
         <run_address>0x5000</run_address>
         <size>0x25</size>
         <contents>
            <object_component_ref idref="oc-7c"/>
         </contents>
      </logical_group>
      <logical_group id="lg-e" display="no" color="cyan">
         <name>McbspbRegsFile</name>
         <run_address>0x5040</run_address>
         <size>0x25</size>
         <contents>
            <object_component_ref idref="oc-7d"/>
         </contents>
      </logical_group>
      <logical_group id="lg-f" display="no" color="cyan">
         <name>ECanaRegsFile</name>
         <run_address>0x6000</run_address>
         <size>0x34</size>
         <contents>
            <object_component_ref idref="oc-80"/>
         </contents>
      </logical_group>
      <logical_group id="lg-10" display="no" color="cyan">
         <name>ECanaLAMRegsFile</name>
         <run_address>0x6040</run_address>
         <size>0x40</size>
         <contents>
            <object_component_ref idref="oc-83"/>
         </contents>
      </logical_group>
      <logical_group id="lg-11" display="no" color="cyan">
         <name>ECanaMboxesFile</name>
         <run_address>0x6100</run_address>
         <size>0x100</size>
         <contents>
            <object_component_ref idref="oc-8c"/>
         </contents>
      </logical_group>
      <logical_group id="lg-12" display="no" color="cyan">
         <name>ECanaMOTSRegsFile</name>
         <run_address>0x6080</run_address>
         <size>0x40</size>
         <contents>
            <object_component_ref idref="oc-84"/>
         </contents>
      </logical_group>
      <logical_group id="lg-13" display="no" color="cyan">
         <name>ECanaMOTORegsFile</name>
         <run_address>0x60c0</run_address>
         <size>0x40</size>
         <contents>
            <object_component_ref idref="oc-81"/>
         </contents>
      </logical_group>
      <logical_group id="lg-14" display="no" color="cyan">
         <name>ECanbRegsFile</name>
         <run_address>0x6200</run_address>
         <size>0x34</size>
         <contents>
            <object_component_ref idref="oc-7f"/>
         </contents>
      </logical_group>
      <logical_group id="lg-15" display="no" color="cyan">
         <name>ECanbLAMRegsFile</name>
         <run_address>0x6240</run_address>
         <size>0x40</size>
         <contents>
            <object_component_ref idref="oc-87"/>
         </contents>
      </logical_group>
      <logical_group id="lg-16" display="no" color="cyan">
         <name>ECanbMboxesFile</name>
         <run_address>0x6300</run_address>
         <size>0x100</size>
         <contents>
            <object_component_ref idref="oc-8b"/>
         </contents>
      </logical_group>
      <logical_group id="lg-17" display="no" color="cyan">
         <name>ECanbMOTSRegsFile</name>
         <run_address>0x6280</run_address>
         <size>0x40</size>
         <contents>
            <object_component_ref idref="oc-82"/>
         </contents>
      </logical_group>
      <logical_group id="lg-18" display="no" color="cyan">
         <name>ECanbMOTORegsFile</name>
         <run_address>0x62c0</run_address>
         <size>0x40</size>
         <contents>
            <object_component_ref idref="oc-85"/>
         </contents>
      </logical_group>
      <logical_group id="lg-19" display="no" color="cyan">
         <name>EPwm1RegsFile</name>
         <run_address>0x6800</run_address>
         <size>0x22</size>
         <contents>
            <object_component_ref idref="oc-77"/>
         </contents>
      </logical_group>
      <logical_group id="lg-1a" display="no" color="cyan">
         <name>EPwm2RegsFile</name>
         <run_address>0x6840</run_address>
         <size>0x22</size>
         <contents>
            <object_component_ref idref="oc-76"/>
         </contents>
      </logical_group>
      <logical_group id="lg-1b" display="no" color="cyan">
         <name>EPwm3RegsFile</name>
         <run_address>0x6880</run_address>
         <size>0x22</size>
         <contents>
            <object_component_ref idref="oc-78"/>
         </contents>
      </logical_group>
      <logical_group id="lg-1c" display="no" color="cyan">
         <name>EPwm4RegsFile</name>
         <run_address>0x68c0</run_address>
         <size>0x22</size>
         <contents>
            <object_component_ref idref="oc-7a"/>
         </contents>
      </logical_group>
      <logical_group id="lg-1d" display="no" color="cyan">
         <name>EPwm5RegsFile</name>
         <run_address>0x6900</run_address>
         <size>0x22</size>
         <contents>
            <object_component_ref idref="oc-79"/>
         </contents>
      </logical_group>
      <logical_group id="lg-1e" display="no" color="cyan">
         <name>EPwm6RegsFile</name>
         <run_address>0x6940</run_address>
         <size>0x22</size>
         <contents>
            <object_component_ref idref="oc-7b"/>
         </contents>
      </logical_group>
      <logical_group id="lg-1f" display="no" color="cyan">
         <name>ECap1RegsFile</name>
         <run_address>0x6a00</run_address>
         <size>0x20</size>
         <contents>
            <object_component_ref idref="oc-73"/>
         </contents>
      </logical_group>
      <logical_group id="lg-20" display="no" color="cyan">
         <name>ECap2RegsFile</name>
         <run_address>0x6a20</run_address>
         <size>0x20</size>
         <contents>
            <object_component_ref idref="oc-6f"/>
         </contents>
      </logical_group>
      <logical_group id="lg-21" display="no" color="cyan">
         <name>ECap3RegsFile</name>
         <run_address>0x6a40</run_address>
         <size>0x20</size>
         <contents>
            <object_component_ref idref="oc-70"/>
         </contents>
      </logical_group>
      <logical_group id="lg-22" display="no" color="cyan">
         <name>ECap4RegsFile</name>
         <run_address>0x6a60</run_address>
         <size>0x20</size>
         <contents>
            <object_component_ref idref="oc-6d"/>
         </contents>
      </logical_group>
      <logical_group id="lg-23" display="no" color="cyan">
         <name>ECap5RegsFile</name>
         <run_address>0x6a80</run_address>
         <size>0x20</size>
         <contents>
            <object_component_ref idref="oc-6e"/>
         </contents>
      </logical_group>
      <logical_group id="lg-24" display="no" color="cyan">
         <name>ECap6RegsFile</name>
         <run_address>0x6aa0</run_address>
         <size>0x20</size>
         <contents>
            <object_component_ref idref="oc-74"/>
         </contents>
      </logical_group>
      <logical_group id="lg-25" display="no" color="cyan">
         <name>EQep1RegsFile</name>
         <run_address>0x6b00</run_address>
         <size>0x40</size>
         <contents>
            <object_component_ref idref="oc-88"/>
         </contents>
      </logical_group>
      <logical_group id="lg-26" display="no" color="cyan">
         <name>EQep2RegsFile</name>
         <run_address>0x6b40</run_address>
         <size>0x40</size>
         <contents>
            <object_component_ref idref="oc-86"/>
         </contents>
      </logical_group>
      <logical_group id="lg-27" display="no" color="cyan">
         <name>GpioCtrlRegsFile</name>
         <run_address>0x6f80</run_address>
         <size>0x2e</size>
         <contents>
            <object_component_ref idref="oc-7e"/>
         </contents>
      </logical_group>
      <logical_group id="lg-28" display="no" color="cyan">
         <name>GpioDataRegsFile</name>
         <run_address>0x6fc0</run_address>
         <size>0x20</size>
         <contents>
            <object_component_ref idref="oc-71"/>
         </contents>
      </logical_group>
      <logical_group id="lg-29" display="no" color="cyan">
         <name>GpioIntRegsFile</name>
         <run_address>0x6fe0</run_address>
         <size>0xa</size>
         <contents>
            <object_component_ref idref="oc-62"/>
         </contents>
      </logical_group>
      <logical_group id="lg-2a" display="no" color="cyan">
         <name>SysCtrlRegsFile</name>
         <run_address>0x7010</run_address>
         <size>0x20</size>
         <contents>
            <object_component_ref idref="oc-72"/>
         </contents>
      </logical_group>
      <logical_group id="lg-2b" display="no" color="cyan">
         <name>SpiaRegsFile</name>
         <run_address>0x7040</run_address>
         <size>0x10</size>
         <contents>
            <object_component_ref idref="oc-65"/>
         </contents>
      </logical_group>
      <logical_group id="lg-2c" display="no" color="cyan">
         <name>SciaRegsFile</name>
         <run_address>0x7050</run_address>
         <size>0x10</size>
         <contents>
            <object_component_ref idref="oc-66"/>
         </contents>
      </logical_group>
      <logical_group id="lg-2d" display="no" color="cyan">
         <name>XIntruptRegsFile</name>
         <run_address>0x7070</run_address>
         <size>0x10</size>
         <contents>
            <object_component_ref idref="oc-67"/>
         </contents>
      </logical_group>
      <logical_group id="lg-2e" display="no" color="cyan">
         <name>AdcRegsFile</name>
         <run_address>0x7100</run_address>
         <size>0x1e</size>
         <contents>
            <object_component_ref idref="oc-6b"/>
         </contents>
      </logical_group>
      <logical_group id="lg-2f" display="no" color="cyan">
         <name>ScibRegsFile</name>
         <run_address>0x7750</run_address>
         <size>0x10</size>
         <contents>
            <object_component_ref idref="oc-64"/>
         </contents>
      </logical_group>
      <logical_group id="lg-30" display="no" color="cyan">
         <name>ScicRegsFile</name>
         <run_address>0x7770</run_address>
         <size>0x10</size>
         <contents>
            <object_component_ref idref="oc-63"/>
         </contents>
      </logical_group>
      <logical_group id="lg-31" display="no" color="cyan">
         <name>I2caRegsFile</name>
         <run_address>0x7900</run_address>
         <size>0x22</size>
         <contents>
            <object_component_ref idref="oc-75"/>
         </contents>
      </logical_group>
      <logical_group id="lg-32" display="no" color="cyan">
         <name>CsmPwlFile</name>
         <run_address>0x33fff8</run_address>
         <size>0x8</size>
         <contents>
            <object_component_ref idref="oc-61"/>
         </contents>
      </logical_group>
      <logical_group id="lg-33" display="no" color="cyan">
         <name>codestart</name>
         <load_address>0x0</load_address>
         <run_address>0x0</run_address>
         <size>0x2</size>
         <contents>
            <object_component_ref idref="oc-9a"/>
         </contents>
      </logical_group>
      <logical_group id="lg-34" display="no" color="cyan">
         <name>ramfuncs</name>
         <load_address>0x91c0</load_address>
         <run_address>0x91c0</run_address>
         <size>0x4</size>
         <contents>
            <object_component_ref idref="oc-47"/>
         </contents>
      </logical_group>
      <logical_group id="lg-35" display="no" color="cyan">
         <name>.text</name>
         <load_address>0x8000</load_address>
         <run_address>0x8000</run_address>
         <size>0x10a2</size>
         <contents>
            <object_component_ref idref="oc-c9"/>
            <object_component_ref idref="oc-90"/>
            <object_component_ref idref="oc-ef"/>
            <object_component_ref idref="oc-f8"/>
            <object_component_ref idref="oc-f4"/>
            <object_component_ref idref="oc-f7"/>
            <object_component_ref idref="oc-ee"/>
            <object_component_ref idref="oc-f1"/>
            <object_component_ref idref="oc-de"/>
            <object_component_ref idref="oc-fa"/>
            <object_component_ref idref="oc-f9"/>
            <object_component_ref idref="oc-f0"/>
            <object_component_ref idref="oc-f3"/>
            <object_component_ref idref="oc-46"/>
            <object_component_ref idref="oc-f5"/>
            <object_component_ref idref="oc-f6"/>
            <object_component_ref idref="oc-ec"/>
            <object_component_ref idref="oc-ed"/>
            <object_component_ref idref="oc-f2"/>
            <object_component_ref idref="oc-99"/>
         </contents>
      </logical_group>
      <logical_group id="lg-36" display="no" color="cyan">
         <name>.cinit</name>
         <load_address>0x90a2</load_address>
         <run_address>0x90a2</run_address>
         <size>0x11e</size>
         <contents>
            <object_component_ref idref="oc-ce"/>
            <object_component_ref idref="oc-c7"/>
            <object_component_ref idref="oc-e3"/>
            <object_component_ref idref="oc-d9"/>
            <object_component_ref idref="oc-c1"/>
            <object_component_ref idref="oc-ab"/>
         </contents>
      </logical_group>
      <logical_group id="lg-37" display="no" color="cyan">
         <name>.pinit</name>
         <run_address>0x0</run_address>
         <size>0x0</size>
         <contents>
         </contents>
      </logical_group>
      <logical_group id="lg-38" display="no" color="cyan">
         <name>.switch</name>
         <run_address>0x0</run_address>
         <size>0x0</size>
         <contents>
         </contents>
      </logical_group>
      <logical_group id="lg-39" display="no" color="cyan">
         <name>.stack</name>
         <run_address>0x400</run_address>
         <size>0x300</size>
         <contents>
            <object_component_ref idref="oc-d3"/>
            <object_component_ref idref="oc-148"/>
         </contents>
      </logical_group>
      <logical_group id="lg-3a" display="no" color="cyan">
         <name>.ebss</name>
         <run_address>0xc100</run_address>
         <size>0x96</size>
         <contents>
            <object_component_ref idref="oc-95"/>
            <object_component_ref idref="oc-ac"/>
            <object_component_ref idref="oc-c2"/>
            <object_component_ref idref="oc-c8"/>
            <object_component_ref idref="oc-cf"/>
            <object_component_ref idref="oc-da"/>
            <object_component_ref idref="oc-e4"/>
         </contents>
      </logical_group>
      <logical_group id="lg-3b" display="no" color="cyan">
         <name>.econst</name>
         <load_address>0xc000</load_address>
         <run_address>0xc000</run_address>
         <size>0x100</size>
         <contents>
            <object_component_ref idref="oc-54"/>
         </contents>
      </logical_group>
      <logical_group id="lg-3c" display="no" color="cyan">
         <name>.esysmem</name>
         <run_address>0x0</run_address>
         <size>0x0</size>
         <contents>
         </contents>
      </logical_group>
      <logical_group id="lg-3d" display="no" color="cyan">
         <name>IQmath</name>
         <run_address>0x0</run_address>
         <size>0x0</size>
         <contents>
         </contents>
      </logical_group>
      <logical_group id="lg-3e" display="no" color="cyan">
         <name>IQmathTables</name>
         <run_address>0x0</run_address>
         <size>0x0</size>
         <contents>
         </contents>
      </logical_group>
      <logical_group id="lg-3f" display="no" color="cyan">
         <name>IQmathTables2</name>
         <run_address>0x0</run_address>
         <size>0x0</size>
         <contents>
         </contents>
      </logical_group>
      <logical_group id="lg-40" display="no" color="cyan">
         <name>FPUmathTables</name>
         <run_address>0x0</run_address>
         <size>0x0</size>
         <contents>
         </contents>
      </logical_group>
      <logical_group id="lg-41" display="no" color="cyan">
         <name>ZONE7DATA</name>
         <run_address>0x0</run_address>
         <size>0x0</size>
         <contents>
         </contents>
      </logical_group>
      <logical_group id="lg-42" display="no" color="cyan">
         <name>.reset</name>
         <load_address>0x3fffc0</load_address>
         <run_address>0x3fffc0</run_address>
         <size>0x2</size>
         <contents>
            <object_component_ref idref="oc-d4"/>
         </contents>
      </logical_group>
      <logical_group id="lg-43" display="no" color="cyan">
         <name>csm_rsvd</name>
         <run_address>0x33ff80</run_address>
         <size>0x0</size>
         <contents>
         </contents>
      </logical_group>
      <logical_group id="lg-44" display="no" color="cyan">
         <name>csmpasswds</name>
         <run_address>0x33fff8</run_address>
         <size>0x0</size>
         <contents>
         </contents>
      </logical_group>
      <logical_group id="lg-45" display="no" color="cyan">
         <name>.adc_cal</name>
         <load_address>0x380080</load_address>
         <run_address>0x380080</run_address>
         <size>0x7</size>
         <contents>
            <object_component_ref idref="oc-9e"/>
         </contents>
      </logical_group>
      <logical_group id="lg-13f" display="never" color="cyan">
         <name>.debug_info</name>
         <load_address>0x0</load_address>
         <run_address>0x0</run_address>
         <size>0x2fc1c</size>
         <contents>
            <object_component_ref idref="oc-48"/>
            <object_component_ref idref="oc-4b"/>
            <object_component_ref idref="oc-4f"/>
            <object_component_ref idref="oc-53"/>
            <object_component_ref idref="oc-58"/>
            <object_component_ref idref="oc-5c"/>
            <object_component_ref idref="oc-8f"/>
            <object_component_ref idref="oc-94"/>
            <object_component_ref idref="oc-9b"/>
            <object_component_ref idref="oc-9f"/>
            <object_component_ref idref="oc-a2"/>
            <object_component_ref idref="oc-a6"/>
            <object_component_ref idref="oc-aa"/>
            <object_component_ref idref="oc-b0"/>
            <object_component_ref idref="oc-b4"/>
            <object_component_ref idref="oc-b8"/>
            <object_component_ref idref="oc-bc"/>
            <object_component_ref idref="oc-c0"/>
            <object_component_ref idref="oc-c6"/>
            <object_component_ref idref="oc-cd"/>
            <object_component_ref idref="oc-d5"/>
            <object_component_ref idref="oc-d8"/>
            <object_component_ref idref="oc-df"/>
            <object_component_ref idref="oc-e2"/>
            <object_component_ref idref="oc-e8"/>
            <object_component_ref idref="oc-149"/>
         </contents>
      </logical_group>
      <logical_group id="lg-141" display="never" color="cyan">
         <name>.debug_line</name>
         <load_address>0x0</load_address>
         <run_address>0x0</run_address>
         <size>0x15ed</size>
         <contents>
            <object_component_ref idref="oc-49"/>
            <object_component_ref idref="oc-4d"/>
            <object_component_ref idref="oc-51"/>
            <object_component_ref idref="oc-56"/>
            <object_component_ref idref="oc-5a"/>
            <object_component_ref idref="oc-92"/>
            <object_component_ref idref="oc-97"/>
            <object_component_ref idref="oc-9c"/>
            <object_component_ref idref="oc-a0"/>
            <object_component_ref idref="oc-a4"/>
            <object_component_ref idref="oc-a8"/>
            <object_component_ref idref="oc-ae"/>
            <object_component_ref idref="oc-b2"/>
            <object_component_ref idref="oc-b6"/>
            <object_component_ref idref="oc-ba"/>
            <object_component_ref idref="oc-be"/>
            <object_component_ref idref="oc-c4"/>
            <object_component_ref idref="oc-cb"/>
            <object_component_ref idref="oc-d1"/>
            <object_component_ref idref="oc-d6"/>
            <object_component_ref idref="oc-dc"/>
            <object_component_ref idref="oc-e0"/>
            <object_component_ref idref="oc-e6"/>
            <object_component_ref idref="oc-ea"/>
         </contents>
      </logical_group>
      <logical_group id="lg-143" display="never" color="cyan">
         <name>.debug_abbrev</name>
         <load_address>0x0</load_address>
         <run_address>0x0</run_address>
         <size>0x1338</size>
         <contents>
            <object_component_ref idref="oc-4a"/>
            <object_component_ref idref="oc-4e"/>
            <object_component_ref idref="oc-52"/>
            <object_component_ref idref="oc-57"/>
            <object_component_ref idref="oc-5b"/>
            <object_component_ref idref="oc-8e"/>
            <object_component_ref idref="oc-93"/>
            <object_component_ref idref="oc-98"/>
            <object_component_ref idref="oc-9d"/>
            <object_component_ref idref="oc-a1"/>
            <object_component_ref idref="oc-a5"/>
            <object_component_ref idref="oc-a9"/>
            <object_component_ref idref="oc-af"/>
            <object_component_ref idref="oc-b3"/>
            <object_component_ref idref="oc-b7"/>
            <object_component_ref idref="oc-bb"/>
            <object_component_ref idref="oc-bf"/>
            <object_component_ref idref="oc-c5"/>
            <object_component_ref idref="oc-cc"/>
            <object_component_ref idref="oc-d2"/>
            <object_component_ref idref="oc-d7"/>
            <object_component_ref idref="oc-dd"/>
            <object_component_ref idref="oc-e1"/>
            <object_component_ref idref="oc-e7"/>
            <object_component_ref idref="oc-eb"/>
            <object_component_ref idref="oc-14a"/>
         </contents>
      </logical_group>
      <logical_group id="lg-145" display="never" color="cyan">
         <name>.debug_frame</name>
         <load_address>0x0</load_address>
         <run_address>0x0</run_address>
         <size>0x1c1b</size>
         <contents>
            <object_component_ref idref="oc-4c"/>
            <object_component_ref idref="oc-50"/>
            <object_component_ref idref="oc-55"/>
            <object_component_ref idref="oc-59"/>
            <object_component_ref idref="oc-91"/>
            <object_component_ref idref="oc-96"/>
            <object_component_ref idref="oc-a3"/>
            <object_component_ref idref="oc-a7"/>
            <object_component_ref idref="oc-ad"/>
            <object_component_ref idref="oc-b1"/>
            <object_component_ref idref="oc-b5"/>
            <object_component_ref idref="oc-b9"/>
            <object_component_ref idref="oc-bd"/>
            <object_component_ref idref="oc-c3"/>
            <object_component_ref idref="oc-ca"/>
            <object_component_ref idref="oc-d0"/>
            <object_component_ref idref="oc-db"/>
            <object_component_ref idref="oc-e5"/>
            <object_component_ref idref="oc-e9"/>
         </contents>
      </logical_group>
   </logical_group_list>
   <placement_map>
      <memory_area display="no" color="green">
         <name>BEGIN</name>
         <page_id>0x0</page_id>
         <origin>0x0</origin>
         <length>0x2</length>
         <used_space>0x2</used_space>
         <unused_space>0x0</unused_space>
         <attributes>RWIX</attributes>
         <usage_details>
            <allocated_space>
               <start_address>0x0</start_address>
               <size>0x2</size>
               <logical_group_ref idref="lg-33"/>
            </allocated_space>
         </usage_details>
      </memory_area>
      <memory_area display="no" color="green">
         <name>BOOT_RSVD</name>
         <page_id>0x0</page_id>
         <origin>0x2</origin>
         <length>0x4e</length>
         <used_space>0x0</used_space>
         <unused_space>0x4e</unused_space>
         <attributes>RWIX</attributes>
         <usage_details>
         </usage_details>
      </memory_area>
      <memory_area display="yes" color="green">
         <name>RAMM0</name>
         <page_id>0x0</page_id>
         <origin>0x50</origin>
         <length>0x3b0</length>
         <used_space>0x0</used_space>
         <unused_space>0x3b0</unused_space>
         <attributes>RWIX</attributes>
         <usage_details>
         </usage_details>
      </memory_area>
      <memory_area display="yes" color="green">
         <name>RAML</name>
         <page_id>0x0</page_id>
         <origin>0x8000</origin>
         <length>0x4000</length>
         <used_space>0x11c4</used_space>
         <unused_space>0x2e3c</unused_space>
         <attributes>RWIX</attributes>
         <usage_details>
            <allocated_space>
               <start_address>0x8000</start_address>
               <size>0x10a2</size>
               <logical_group_ref idref="lg-35"/>
            </allocated_space>
            <allocated_space>
               <start_address>0x90a2</start_address>
               <size>0x11e</size>
               <logical_group_ref idref="lg-36"/>
            </allocated_space>
            <allocated_space>
               <start_address>0x91c0</start_address>
               <size>0x4</size>
               <logical_group_ref idref="lg-34"/>
            </allocated_space>
            <available_space>
               <start_address>0x91c4</start_address>
               <size>0x2e3c</size>
[...]
         <object_component_ref idref="oc-90"/>
      </symbol>
      <symbol id="sm-1fe">
         <name>_SCITXINTB_ISR</name>
         <value>0x86a1</value>
         <object_component_ref idref="oc-90"/>
      </symbol>
      <symbol id="sm-1ff">
         <name>_SCIRXINTB_ISR</name>
         <value>0x8697</value>
         <object_component_ref idref="oc-90"/>
      </symbol>
      <symbol id="sm-200">
         <name>_ECAN1INTA_ISR</name>
         <value>0x86b5</value>
         <object_component_ref idref="oc-90"/>
      </symbol>
      <symbol id="sm-201">
         <name>_ECAP2_INT_ISR</name>
         <value>0x859d</value>
         <object_component_ref idref="oc-90"/>
      </symbol>
      <symbol id="sm-202">
         <name>_PIE_RESERVED</name>
         <value>0x8726</value>
         <object_component_ref idref="oc-90"/>
      </symbol>
      <symbol id="sm-203">
         <name>_I2CINT1A_ISR</name>
         <value>0x865b</value>
         <object_component_ref idref="oc-90"/>
      </symbol>
      <symbol id="sm-204">
         <name>_XINT2_ISR</name>
         <value>0x84f3</value>
         <object_component_ref idref="oc-90"/>
      </symbol>
      <symbol id="sm-205">
         <name>_I2CINT2A_ISR</name>
         <value>0x8665</value>
         <object_component_ref idref="oc-90"/>
      </symbol>
      <symbol id="sm-206">
         <name>_SCITXINTC_ISR</name>
         <value>0x8679</value>
         <object_component_ref idref="oc-90"/>
      </symbol>
      <symbol id="sm-207">
         <name>_SCIRXINTC_ISR</name>
         <value>0x866f</value>
         <object_component_ref idref="oc-90"/>
      </symbol>
      <symbol id="sm-208">
         <name>_RTOSINT_ISR</name>
         <value>0x8435</value>
         <object_component_ref idref="oc-90"/>
      </symbol>
      <symbol id="sm-209">
         <name>_EPWM3_INT_ISR</name>
         <value>0x856b</value>
         <object_component_ref idref="oc-90"/>
      </symbol>
      <symbol id="sm-20a">
         <name>_ECAN1INTB_ISR</name>
         <value>0x86c9</value>
         <object_component_ref idref="oc-90"/>
      </symbol>
      <symbol id="sm-20b">
         <name>_USER9_ISR</name>
         <value>0x84ad</value>
         <object_component_ref idref="oc-90"/>
      </symbol>
      <symbol id="sm-20c">
         <name>_USER3_ISR</name>
         <value>0x8471</value>
         <object_component_ref idref="oc-90"/>
      </symbol>
      <symbol id="sm-20d">
         <name>_EQEP1_INT_ISR</name>
         <value>0x85cf</value>
         <object_component_ref idref="oc-90"/>
      </symbol>
      <symbol id="sm-20e">
         <name>_MRINTB_ISR</name>
         <value>0x85f7</value>
         <object_component_ref idref="oc-90"/>
      </symbol>
      <symbol id="sm-20f">
         <name>_DINTCH1_ISR</name>
         <value>0x861f</value>
         <object_component_ref idref="oc-90"/>
      </symbol>
      <symbol id="sm-210">
         <name>_USER8_ISR</name>
         <value>0x84a3</value>
         <object_component_ref idref="oc-90"/>
      </symbol>
      <symbol id="sm-211">
         <name>_EPWM1_INT_ISR</name>
         <value>0x8557</value>
         <object_component_ref idref="oc-90"/>
      </symbol>
      <symbol id="sm-212">
         <name>_SEQ2INT_ISR</name>
         <value>0x84df</value>
         <object_component_ref idref="oc-90"/>
      </symbol>
      <symbol id="sm-213">
         <name>_USER2_ISR</name>
         <value>0x8467</value>
         <object_component_ref idref="oc-90"/>
      </symbol>
      <symbol id="sm-214">
         <name>_LUF_ISR</name>
         <value>0x870f</value>
         <object_component_ref idref="oc-90"/>
      </symbol>
      <symbol id="sm-215">
         <name>_LVF_ISR</name>
         <value>0x8705</value>
         <object_component_ref idref="oc-90"/>
      </symbol>
      <symbol id="sm-216">
         <name>_SCITXINTA_ISR</name>
         <value>0x868d</value>
         <object_component_ref idref="oc-90"/>
      </symbol>
      <symbol id="sm-217">
         <name>_SCIRXINTA_ISR</name>
         <value>0x8683</value>
         <object_component_ref idref="oc-90"/>
      </symbol>
      <symbol id="sm-218">
         <name>_rsvd_ISR</name>
         <value>0x8730</value>
         <object_component_ref idref="oc-90"/>
      </symbol>
      <symbol id="sm-219">
         <name>_ECAP5_INT_ISR</name>
         <value>0x85bb</value>
         <object_component_ref idref="oc-90"/>
      </symbol>
      <symbol id="sm-21a">
         <name>_DINTCH2_ISR</name>
         <value>0x8629</value>
         <object_component_ref idref="oc-90"/>
      </symbol>
      <symbol id="sm-21b">
         <name>_XINT5_ISR</name>
         <value>0x86e7</value>
         <object_component_ref idref="oc-90"/>
      </symbol>
      <symbol id="sm-227">
         <name>_CpuTimer2</name>
         <value>0xc15e</value>
         <object_component_ref idref="oc-95"/>
      </symbol>
      <symbol id="sm-228">
         <name>_CpuTimer0</name>
         <value>0xc166</value>
         <object_component_ref idref="oc-95"/>
      </symbol>
      <symbol id="sm-229">
         <name>_CpuTimer1</name>
         <value>0xc156</value>
         <object_component_ref idref="oc-95"/>
      </symbol>
      <symbol id="sm-22a">
         <name>_InitCpuTimers</name>
         <value>0x8e2d</value>
         <object_component_ref idref="oc-fa"/>
      </symbol>
      <symbol id="sm-22b">
         <name>_ConfigCpuTimer</name>
         <value>0x8e6e</value>
         <object_component_ref idref="oc-fa"/>
      </symbol>
      <symbol id="sm-236">
         <name>code_start</name>
         <value>0x0</value>
         <object_component_ref idref="oc-9a"/>
      </symbol>
      <symbol id="sm-23e">
         <name>_ADC_cal</name>
         <value>0x380080</value>
         <object_component_ref idref="oc-9e"/>
      </symbol>
      <symbol id="sm-256">
         <name>_scib_rx</name>
         <value>0x8d93</value>
         <object_component_ref idref="oc-f1"/>
      </symbol>
      <symbol id="sm-257">
         <name>_scib_tx</name>
         <value>0x8d52</value>
         <object_component_ref idref="oc-f1"/>
      </symbol>
      <symbol id="sm-258">
         <name>_scib_num_rx</name>
         <value>0x8da1</value>
         <object_component_ref idref="oc-f1"/>
      </symbol>
      <symbol id="sm-259">
         <name>_scib_num_tx</name>
         <value>0x8d79</value>
         <object_component_ref idref="oc-f1"/>
      </symbol>
      <symbol id="sm-25a">
         <name>_InitSCIB</name>
         <value>0x8d0f</value>
         <object_component_ref idref="oc-f1"/>
      </symbol>
      <symbol id="sm-25b">
         <name>_scib_str_rx</name>
         <value>0x8d9d</value>
         <object_component_ref idref="oc-f1"/>
      </symbol>
      <symbol id="sm-25c">
         <name>_scib_str_tx</name>
         <value>0x8d5f</value>
         <object_component_ref idref="oc-f1"/>
      </symbol>
      <symbol id="sm-26a">
         <name>_InitPWM</name>
         <value>0x88d4</value>
         <object_component_ref idref="oc-f8"/>
      </symbol>
      <symbol id="sm-26b">
         <name>_PhaSft</name>
         <value>0xc177</value>
         <object_component_ref idref="oc-ac"/>
      </symbol>
      <symbol id="sm-275">
         <name>_InitPORT</name>
         <value>0x8b32</value>
         <object_component_ref idref="oc-f7"/>
      </symbol>
      <symbol id="sm-27f">
         <name>_InitECAP</name>
         <value>0x8ea9</value>
         <object_component_ref idref="oc-f9"/>
      </symbol>
      <symbol id="sm-290">
         <name>_DACout</name>
         <value>0x8f20</value>
         <object_component_ref idref="oc-f0"/>
      </symbol>
      <symbol id="sm-2b0">
         <name>_SerialRD</name>
         <value>0x8c35</value>
         <object_component_ref idref="oc-ee"/>
      </symbol>
      <symbol id="sm-2b1">
         <name>_InitADC</name>
         <value>0x8c22</value>
         <object_component_ref idref="oc-ee"/>
      </symbol>
      <symbol id="sm-2b2">
         <name>_conv_flg</name>
         <value>0xc176</value>
         <object_component_ref idref="oc-c2"/>
      </symbol>
      <symbol id="sm-2b3">
         <name>_ParallelRD</name>
         <value>0x8c96</value>
         <object_component_ref idref="oc-ee"/>
      </symbol>
      <symbol id="sm-2e1">
         <name>_main</name>
         <value>0x8f89</value>
         <object_component_ref idref="oc-f3"/>
      </symbol>
      <symbol id="sm-2e2">
         <name>_D_LegN</name>
         <value>0xc181</value>
         <object_component_ref idref="oc-c8"/>
      </symbol>
      <symbol id="sm-2e3">
         <name>_D_Leg2</name>
         <value>0xc183</value>
         <object_component_ref idref="oc-c8"/>
      </symbol>
      <symbol id="sm-2e4">
         <name>_D_Leg3</name>
         <value>0xc184</value>
         <object_component_ref idref="oc-c8"/>
      </symbol>
      <symbol id="sm-2e5">
         <name>_D_Leg1</name>
         <value>0xc185</value>
         <object_component_ref idref="oc-c8"/>
      </symbol>
      <symbol id="sm-2e6">
         <name>_variables_flag</name>
         <value>0xc187</value>
         <object_component_ref idref="oc-c8"/>
      </symbol>
      <symbol id="sm-2e7">
         <name>_received_data</name>
         <value>0xc186</value>
         <object_component_ref idref="oc-c8"/>
      </symbol>
      <symbol id="sm-2e8">
         <name>_Dutycycle</name>
         <value>0xc18a</value>
         <object_component_ref idref="oc-c8"/>
      </symbol>
      <symbol id="sm-2e9">
         <name>_code_start</name>
         <value>0xc182</value>
         <object_component_ref idref="oc-c8"/>
      </symbol>
      <symbol id="sm-2ea">
         <name>_ISRTimer0</name>
         <value>0x837c</value>
         <object_component_ref idref="oc-c9"/>
      </symbol>
      <symbol id="sm-2eb">
         <name>_indexDA</name>
         <value>0xc188</value>
         <object_component_ref idref="oc-c8"/>
      </symbol>
      <symbol id="sm-2ec">
         <name>_LegCount</name>
         <value>0xc180</value>
         <object_component_ref idref="oc-c8"/>
      </symbol>
      <symbol id="sm-2ed">
         <name>_epwm1_timer_isr</name>
         <value>0x8000</value>
         <object_component_ref idref="oc-c9"/>
      </symbol>
      <symbol id="sm-2ee">
         <name>_mSample</name>
         <value>0xc18c</value>
         <object_component_ref idref="oc-c8"/>
      </symbol>
      <symbol id="sm-308">
         <name>_Ia_cmd</name>
         <value>0xc13e</value>
         <object_component_ref idref="oc-cf"/>
      </symbol>
      <symbol id="sm-309">
         <name>_Ic_en</name>
         <value>0xc11a</value>
         <object_component_ref idref="oc-cf"/>
      </symbol>
      <symbol id="sm-30a">
         <name>_PRmodule</name>
         <value>0x87a0</value>
         <object_component_ref idref="oc-ef"/>
      </symbol>
      <symbol id="sm-30b">
         <name>_Ua_cmd</name>
         <value>0xc14a</value>
         <object_component_ref idref="oc-cf"/>
      </symbol>
      <symbol id="sm-30c">
         <name>_Kr_Ig</name>
         <value>0xc148</value>
         <object_component_ref idref="oc-cf"/>
      </symbol>
      <symbol id="sm-30d">
         <name>_Ui</name>
         <value>0xc13c</value>
         <object_component_ref idref="oc-cf"/>
      </symbol>
      <symbol id="sm-30e">
         <name>_Ug</name>
         <value>0xc132</value>
         <object_component_ref idref="oc-cf"/>
      </symbol>
      <symbol id="sm-30f">
         <name>_Ia_Rn1</name>
         <value>0xc106</value>
         <object_component_ref idref="oc-cf"/>
      </symbol>
      <symbol id="sm-310">
         <name>_Ia_Rn2</name>
         <value>0xc10a</value>
         <object_component_ref idref="oc-cf"/>
      </symbol>
      <symbol id="sm-311">
         <name>_Ib_cmd</name>
         <value>0xc142</value>
         <object_component_ref idref="oc-cf"/>
      </symbol>
      <symbol id="sm-312">
         <name>_Ub_cmd</name>
         <value>0xc14e</value>
         <object_component_ref idref="oc-cf"/>
      </symbol>
      <symbol id="sm-313">
         <name>_Ib_Rn1</name>
         <value>0xc12a</value>
         <object_component_ref idref="oc-cf"/>
      </symbol>
      <symbol id="sm-314">
         <name>_Ib_Rn2</name>
         <value>0xc12e</value>
         <object_component_ref idref="oc-cf"/>
      </symbol>
      <symbol id="sm-315">
         <name>_Ib_en</name>
         <value>0xc126</value>
         <object_component_ref idref="oc-cf"/>
      </symbol>
      <symbol id="sm-316">
         <name>_Ic_cmd</name>
         <value>0xc146</value>
         <object_component_ref idref="oc-cf"/>
      </symbol>
      <symbol id="sm-317">
         <name>_Ig_en1</name>
         <value>0xc10c</value>
         <object_component_ref idref="oc-cf"/>
      </symbol>
      <symbol id="sm-318">
         <name>_Ig_en2</name>
         <value>0xc110</value>
         <object_component_ref idref="oc-cf"/>
      </symbol>
      <symbol id="sm-319">
         <name>_Uc_cmd</name>
         <value>0xc152</value>
         <object_component_ref idref="oc-cf"/>
      </symbol>
      <symbol id="sm-31a">
         <name>_Ic_Rn</name>
         <value>0xc120</value>
         <object_component_ref idref="oc-cf"/>
      </symbol>
      <symbol id="sm-31b">
         <name>_Ic_Rn1</name>
         <value>0xc11e</value>
         <object_component_ref idref="oc-cf"/>
      </symbol>
      <symbol id="sm-31c">
         <name>_Ic_Rn2</name>
         <value>0xc122</value>
         <object_component_ref idref="oc-cf"/>
      </symbol>
      <symbol id="sm-31d">
         <name>_Ig_en</name>
         <value>0xc10e</value>
         <object_component_ref idref="oc-cf"/>
      </symbol>
      <symbol id="sm-31e">
         <name>_Integrator</name>
         <value>0x8845</value>
         <object_component_ref idref="oc-ef"/>
      </symbol>
      <symbol id="sm-31f">
         <name>_Ia_en</name>
         <value>0xc102</value>
         <object_component_ref idref="oc-cf"/>
      </symbol>
      <symbol id="sm-320">
         <name>_Ii</name>
         <value>0xc130</value>
         <object_component_ref idref="oc-cf"/>
      </symbol>
      <symbol id="sm-321">
         <name>_Ig</name>
         <value>0xc134</value>
         <object_component_ref idref="oc-cf"/>
      </symbol>
      <symbol id="sm-322">
         <name>_Ic</name>
         <value>0xc13a</value>
         <object_component_ref idref="oc-cf"/>
      </symbol>
      <symbol id="sm-323">
         <name>_Ib</name>
         <value>0xc136</value>
         <object_component_ref idref="oc-cf"/>
      </symbol>
      <symbol id="sm-324">
         <name>_Ia</name>
         <value>0xc138</value>
         <object_component_ref idref="oc-cf"/>
      </symbol>
      <symbol id="sm-325">
         <name>_Kp_Ig</name>
         <value>0xc144</value>
         <object_component_ref idref="oc-cf"/>
      </symbol>
      <symbol id="sm-326">
         <name>_Ib_Rn</name>
         <value>0xc12c</value>
         <object_component_ref idref="oc-cf"/>
      </symbol>
      <symbol id="sm-327">
         <name>_LPfilter</name>
         <value>0x8856</value>
         <object_component_ref idref="oc-ef"/>
      </symbol>
      <symbol id="sm-328">
         <name>_Ig_Rn</name>
         <value>0xc114</value>
         <object_component_ref idref="oc-cf"/>
      </symbol>
      <symbol id="sm-329">
         <name>_IgRefRatio</name>
         <value>0xc150</value>
         <object_component_ref idref="oc-cf"/>
      </symbol>
      <symbol id="sm-32a">
         <name>_Dfilter</name>
         <value>0x8877</value>
         <object_component_ref idref="oc-ef"/>
      </symbol>
      <symbol id="sm-32b">
         <name>_Ia_Rn</name>
         <value>0xc108</value>
         <object_component_ref idref="oc-cf"/>
      </symbol>
      <symbol id="sm-32c">
         <name>_Ia_en1</name>
         <value>0xc100</value>
         <object_component_ref idref="oc-cf"/>
      </symbol>
      <symbol id="sm-32d">
         <name>_Ia_en2</name>
         <value>0xc104</value>
         <object_component_ref idref="oc-cf"/>
      </symbol>
      <symbol id="sm-32e">
         <name>_Ig_cmd</name>
         <value>0xc140</value>
         <object_component_ref idref="oc-cf"/>
      </symbol>
      <symbol id="sm-32f">
         <name>_Ug_cmd</name>
         <value>0xc14c</value>
         <object_component_ref idref="oc-cf"/>
      </symbol>
      <symbol id="sm-330">
         <name>_Ig_Rn1</name>
         <value>0xc112</value>
         <object_component_ref idref="oc-cf"/>
      </symbol>
      <symbol id="sm-331">
         <name>_Ig_Rn2</name>
         <value>0xc116</value>
         <object_component_ref idref="oc-cf"/>
      </symbol>
      <symbol id="sm-332">
         <name>_Ib_en1</name>
         <value>0xc124</value>
         <object_component_ref idref="oc-cf"/>
      </symbol>
      <symbol id="sm-333">
         <name>_Ib_en2</name>
         <value>0xc128</value>
         <object_component_ref idref="oc-cf"/>
      </symbol>
      <symbol id="sm-334">
         <name>_Ic_en1</name>
         <value>0xc118</value>
         <object_component_ref idref="oc-cf"/>
      </symbol>
      <symbol id="sm-335">
         <name>_Ic_en2</name>
         <value>0xc11c</value>
         <object_component_ref idref="oc-cf"/>
      </symbol>
      <symbol id="sm-336">
         <name>_IabcRefRatio</name>
         <value>0xc154</value>
         <object_component_ref idref="oc-cf"/>
      </symbol>
      <symbol id="sm-337">
         <name>_PImodule</name>
         <value>0x873a</value>
         <object_component_ref idref="oc-ef"/>
      </symbol>
      <symbol id="sm-34b">
         <name>_c_int00</name>
         <value>0x8fd1</value>
         <object_component_ref idref="oc-46"/>
      </symbol>
      <symbol id="sm-34c">
         <name>__stack</name>
         <value>0x400</value>
         <object_component_ref idref="oc-d3"/>
      </symbol>
      <symbol id="sm-35d">
         <name>C$$EXIT</name>
         <value>0x9078</value>
         <object_component_ref idref="oc-ed"/>
      </symbol>
      <symbol id="sm-35e">
         <name>_exit</name>
         <value>0x907a</value>
         <object_component_ref idref="oc-ed"/>
      </symbol>
      <symbol id="sm-35f">
         <name>___TI_cleanup_ptr</name>
         <value>0xc172</value>
         <object_component_ref idref="oc-da"/>
      </symbol>
      <symbol id="sm-360">
         <name>_abort</name>
         <value>0x9078</value>
         <object_component_ref idref="oc-ed"/>
      </symbol>
      <symbol id="sm-361">
         <name>___TI_dtors_ptr</name>
         <value>0xc174</value>
         <object_component_ref idref="oc-da"/>
      </symbol>
      <symbol id="sm-36e">
         <name>FS$$DIV</name>
         <value>0x8da5</value>
         <object_component_ref idref="oc-de"/>
      </symbol>
      <symbol id="sm-37c">
         <name>__unlock</name>
         <value>0xc16e</value>
         <object_component_ref idref="oc-e4"/>
      </symbol>
      <symbol id="sm-37d">
         <name>__lock</name>
         <value>0xc170</value>
         <object_component_ref idref="oc-e4"/>
      </symbol>
      <symbol id="sm-37e">
         <name>__register_lock</name>
         <value>0x9095</value>
         <object_component_ref idref="oc-f2"/>
      </symbol>
      <symbol id="sm-37f">
         <name>__nop</name>
         <value>0x9099</value>
         <object_component_ref idref="oc-f2"/>
      </symbol>
      <symbol id="sm-380">
         <name>__register_unlock</name>
         <value>0x9091</value>
         <object_component_ref idref="oc-f2"/>
      </symbol>
      <symbol id="sm-38c">
         <name>__args_main</name>
         <value>0x905f</value>
         <object_component_ref idref="oc-ec"/>
      </symbol>
      <symbol id="sm-38d">
         <name>__TI_args_main</name>
         <value>0x1</value>
      </symbol>
   </symbol_table>
   <title>Link successful</title>
</link_info>
